Component: ARM Compiler 5.06 update 7 (build 960) Tool: armlink [4d3601]

==============================================================================

Section Cross References

    startup_stm32f407xx.o(STACK) refers (Special) to heapauxi.o(.text) for __use_two_region_memory
    startup_stm32f407xx.o(HEAP) refers (Special) to heapauxi.o(.text) for __use_two_region_memory
    startup_stm32f407xx.o(RESET) refers (Special) to heapauxi.o(.text) for __use_two_region_memory
    startup_stm32f407xx.o(RESET) refers to startup_stm32f407xx.o(STACK) for __initial_sp
    startup_stm32f407xx.o(RESET) refers to startup_stm32f407xx.o(.text) for Reset_Handler
    startup_stm32f407xx.o(RESET) refers to stm32f4xx_it.o(i.NMI_Handler) for NMI_Handler
    startup_stm32f407xx.o(RESET) refers to stm32f4xx_it.o(i.HardFault_Handler) for HardFault_Handler
    startup_stm32f407xx.o(RESET) refers to stm32f4xx_it.o(i.MemManage_Handler) for MemManage_Handler
    startup_stm32f407xx.o(RESET) refers to stm32f4xx_it.o(i.BusFault_Handler) for BusFault_Handler
    startup_stm32f407xx.o(RESET) refers to stm32f4xx_it.o(i.UsageFault_Handler) for UsageFault_Handler
    startup_stm32f407xx.o(RESET) refers to port.o(.emb_text) for SVC_Handler
    startup_stm32f407xx.o(RESET) refers to stm32f4xx_it.o(i.DebugMon_Handler) for DebugMon_Handler
    startup_stm32f407xx.o(RESET) refers to stm32f4xx_it.o(i.SysTick_Handler) for SysTick_Handler
    startup_stm32f407xx.o(RESET) refers to stm32f4xx_it.o(i.EXTI0_IRQHandler) for EXTI0_IRQHandler
    startup_stm32f407xx.o(RESET) refers to stm32f4xx_it.o(i.EXTI3_IRQHandler) for EXTI3_IRQHandler
    startup_stm32f407xx.o(RESET) refers to stm32f4xx_it.o(i.EXTI4_IRQHandler) for EXTI4_IRQHandler
    startup_stm32f407xx.o(RESET) refers to stm32f4xx_it.o(i.CAN1_RX0_IRQHandler) for CAN1_RX0_IRQHandler
    startup_stm32f407xx.o(RESET) refers to stm32f4xx_it.o(i.EXTI9_5_IRQHandler) for EXTI9_5_IRQHandler
    startup_stm32f407xx.o(RESET) refers to stm32f4xx_it.o(i.USART1_IRQHandler) for USART1_IRQHandler
    startup_stm32f407xx.o(RESET) refers to remote_control.o(i.USART3_IRQHandler) for USART3_IRQHandler
    startup_stm32f407xx.o(RESET) refers to stm32f4xx_it.o(i.EXTI15_10_IRQHandler) for EXTI15_10_IRQHandler
    startup_stm32f407xx.o(RESET) refers to stm32f4xx_it.o(i.DMA2_Stream1_IRQHandler) for DMA2_Stream1_IRQHandler
    startup_stm32f407xx.o(RESET) refers to ins_task.o(i.DMA2_Stream2_IRQHandler) for DMA2_Stream2_IRQHandler
    startup_stm32f407xx.o(RESET) refers to stm32f4xx_it.o(i.DMA2_Stream3_IRQHandler) for DMA2_Stream3_IRQHandler
    startup_stm32f407xx.o(RESET) refers to stm32f4xx_it.o(i.CAN2_RX0_IRQHandler) for CAN2_RX0_IRQHandler
    startup_stm32f407xx.o(RESET) refers to stm32f4xx_it.o(i.DMA2_Stream5_IRQHandler) for DMA2_Stream5_IRQHandler
    startup_stm32f407xx.o(RESET) refers to stm32f4xx_it.o(i.DMA2_Stream6_IRQHandler) for DMA2_Stream6_IRQHandler
    startup_stm32f407xx.o(RESET) refers to referee_usart_task.o(i.USART6_IRQHandler) for USART6_IRQHandler
    startup_stm32f407xx.o(.text) refers (Special) to heapauxi.o(.text) for __use_two_region_memory
    startup_stm32f407xx.o(.text) refers to system_stm32f4xx.o(i.SystemInit) for SystemInit
    startup_stm32f407xx.o(.text) refers to __main.o(!!!main) for __main
    startup_stm32f407xx.o(.text) refers to startup_stm32f407xx.o(HEAP) for Heap_Mem
    startup_stm32f407xx.o(.text) refers to startup_stm32f407xx.o(STACK) for Stack_Mem
    main.o(i.SystemClock_Config) refers to rt_memclr_w.o(.text) for __aeabi_memclr4
    main.o(i.SystemClock_Config) refers to stm32f4xx_hal_rcc.o(i.HAL_RCC_OscConfig) for HAL_RCC_OscConfig
    main.o(i.SystemClock_Config) refers to stm32f4xx_hal_rcc.o(i.HAL_RCC_ClockConfig) for HAL_RCC_ClockConfig
    main.o(i.SystemClock_Config) refers to stm32f4xx_hal_rcc_ex.o(i.HAL_RCCEx_PeriphCLKConfig) for HAL_RCCEx_PeriphCLKConfig
    main.o(i.main) refers to stm32f4xx_hal.o(i.HAL_Init) for HAL_Init
    main.o(i.main) refers to main.o(i.SystemClock_Config) for SystemClock_Config
    main.o(i.main) refers to gpio.o(i.MX_GPIO_Init) for MX_GPIO_Init
    main.o(i.main) refers to dma.o(i.MX_DMA_Init) for MX_DMA_Init
    main.o(i.main) refers to can.o(i.MX_CAN1_Init) for MX_CAN1_Init
    main.o(i.main) refers to can.o(i.MX_CAN2_Init) for MX_CAN2_Init
    main.o(i.main) refers to spi.o(i.MX_SPI1_Init) for MX_SPI1_Init
    main.o(i.main) refers to tim.o(i.MX_TIM4_Init) for MX_TIM4_Init
    main.o(i.main) refers to tim.o(i.MX_TIM5_Init) for MX_TIM5_Init
    main.o(i.main) refers to usart.o(i.MX_USART3_UART_Init) for MX_USART3_UART_Init
    main.o(i.main) refers to tim.o(i.MX_TIM8_Init) for MX_TIM8_Init
    main.o(i.main) refers to i2c.o(i.MX_I2C3_Init) for MX_I2C3_Init
    main.o(i.main) refers to rtc.o(i.MX_RTC_Init) for MX_RTC_Init
    main.o(i.main) refers to tim.o(i.MX_TIM3_Init) for MX_TIM3_Init
    main.o(i.main) refers to tim.o(i.MX_TIM10_Init) for MX_TIM10_Init
    main.o(i.main) refers to adc.o(i.MX_ADC1_Init) for MX_ADC1_Init
[...]
    gimbalTaskHandle                         0x20000004   Data           4  freertos.o(.data)
    aimbotTaskHandle                         0x20000008   Data           4  freertos.o(.data)
    imuTaskHandle                            0x2000000c   Data           4  freertos.o(.data)
    referee_usart_task_handle                0x20000010   Data           4  freertos.o(.data)
    oled_handle                              0x20000014   Data           4  freertos.o(.data)
    testHandle                               0x20000018   Data           4  freertos.o(.data)
    uwTickFreq                               0x20000020   Data           1  stm32f4xx_hal.o(.data)
    uwTickPrio                               0x20000024   Data           4  stm32f4xx_hal.o(.data)
    uwTick                                   0x20000028   Data           4  stm32f4xx_hal.o(.data)
    SystemCoreClock                          0x2000002c   Data           4  system_stm32f4xx.o(.data)
    pxCurrentTCB                             0x20000030   Data           4  tasks.o(.data)
    diff                                     0x200000d2   Data           2  chassis_task.o(.data)
    chassis_high_water                       0x200000d4   Data           4  chassis_task.o(.data)
    cos_out                                  0x200000d8   Data           4  chassis_task.o(.data)
    sin_out                                  0x200000dc   Data           4  chassis_task.o(.data)
    vx_set                                   0x200000e0   Data           4  chassis_task.o(.data)
    vy_set                                   0x200000e4   Data           4  chassis_task.o(.data)
    game_result                              0x200000f8   Data           1  referee.o(.data)
    buff_musk_t                              0x200000f9   Data           1  referee.o(.data)
    robot_hurt_t                             0x200000fa   Data           1  referee.o(.data)
    bullet_remaining_t                       0x200000fb   Data           1  referee.o(.data)
    referee_warning_t                        0x200000fc   Data           2  referee.o(.data)
    robot_energy_t                           0x200000fe   Data           2  referee.o(.data)
    game_state                               0x20000100   Data           3  referee.o(.data)
    supply_projectile_booking_t              0x20000103   Data           3  referee.o(.data)
    field_event                              0x20000106   Data           4  referee.o(.data)
    supply_projectile_action_t               0x2000010a   Data           4  referee.o(.data)
    referee_receive_header                   0x2000010e   Data           5  referee.o(.data)
    referee_send_header                      0x20000113   Data           5  referee.o(.data)
    shoot_data_t                             0x20000118   Data           6  referee.o(.data)
    gimbal_high_water                        0x2000012c   Data           4  gimbal_task.o(.data)
    gyro_update_flag                         0x20000130   Data           1  ins_task.o(.data)
    accel_update_flag                        0x20000131   Data           1  ins_task.o(.data)
    accel_temp_update_flag                   0x20000132   Data           1  ins_task.o(.data)
    mag_update_flag                          0x20000133   Data           1  ins_task.o(.data)
    imu_start_dma_flag                       0x20000134   Data           1  ins_task.o(.data)
    accel_temp_dma_tx_buf                    0x20000137   Data           4  ins_task.o(.data)
    accel_temp_dma_rx_buf                    0x20000144   Data           4  ins_task.o(.data)
    gyro_dma_tx_buf                          0x20000148   Data           8  ins_task.o(.data)
    gyro_dma_rx_buf                          0x20000150   Data           8  ins_task.o(.data)
    accel_dma_tx_buf                         0x20000158   Data           9  ins_task.o(.data)
    gyro_scale_factor                        0x20000164   Data          36  ins_task.o(.data)
    accel_scale_factor                       0x20000188   Data          36  ins_task.o(.data)
    mag_scale_factor                         0x200001ac   Data          36  ins_task.o(.data)
    AIMBOT_LEN_TX                            0x200001d2   Data           1  aimbot_task.o(.data)
    AIMBOT_LEN_RX                            0x200001d3   Data           1  aimbot_task.o(.data)
    aimbot_data                              0x200001d5   Data           1  aimbot_task.o(.data)
    heat0                                    0x200001d8   Data           2  gimbal_shoot_heat_control.o(.data)
    heat0_limit                              0x200001da   Data           2  gimbal_shoot_heat_control.o(.data)
    UI_Seq                                   0x200001dc   Data           1  rm_cilent_ui.o(.data)
    c_id                                     0x200001de   Data           2  rm_cilent_ui.o(.data)
    r_id                                     0x200001e0   Data           2  rm_cilent_ui.o(.data)
    Chassis_Color                            0x200001f2   Data           2  oled_task.o(.data)
    ALIGNMENT_COLOR                          0x200001f4   Data           2  oled_task.o(.data)
    Motor_Err_Color                          0x200001f6   Data           2  oled_task.o(.data)
    CRC16_INIT                               0x200001f8   Data           2  crc8_crc16.o(.data)
    BMI088_ACCEL_SEN                         0x200001fc   Data           4  bmi088driver.o(.data)
    BMI088_GYRO_SEN                          0x20000200   Data           4  bmi088driver.o(.data)
    hcan1                                    0x200008e0   Data          40  can.o(.bss)
    hcan2                                    0x20000908   Data          40  can.o(.bss)
    hi2c3                                    0x20000930   Data          84  i2c.o(.bss)
    hrtc                                     0x20000984   Data          32  rtc.o(.bss)
    hspi1                                    0x200009a4   Data          88  spi.o(.bss)
    hdma_spi1_rx                             0x200009fc   Data          96  spi.o(.bss)
    hdma_spi1_tx                             0x20000a5c   Data          96  spi.o(.bss)
    htim1                                    0x20000abc   Data          64  tim.o(.bss)
    htim3                                    0x20000afc   Data          64  tim.o(.bss)
    htim4                                    0x20000b3c   Data          64  tim.o(.bss)
    htim5                                    0x20000b7c   Data          64  tim.o(.bss)
    htim8                                    0x20000bbc   Data          64  tim.o(.bss)
    htim10                                   0x20000bfc   Data          64  tim.o(.bss)
    huart1                                   0x20000c3c   Data          64  usart.o(.bss)
    huart3                                   0x20000c7c   Data          64  usart.o(.bss)
    huart6                                   0x20000cbc   Data          64  usart.o(.bss)
    hdma_usart1_rx                           0x20000cfc   Data          96  usart.o(.bss)
    hdma_usart3_rx                           0x20000d5c   Data          96  usart.o(.bss)
    hdma_usart6_rx                           0x20000dbc   Data          96  usart.o(.bss)
    hdma_usart6_tx                           0x20000e1c   Data          96  usart.o(.bss)
    hadc1                                    0x20000e7c   Data          72  adc.o(.bss)
    hadc3                                    0x20000ec4   Data          72  adc.o(.bss)
    xQueueRegistry                           0x20000f0c   Data          64  queue.o(.bss)
    rc_ctrl                                  0x2000714c   Data          80  remote_control.o(.bss)
    motor_chassis                            0x200071e4   Data          80  can_receive.o(.bss)
    motor_gimbal                             0x20007234   Data          80  can_receive.o(.bss)
    chassis_move                             0x200072e4   Data        1412  chassis_task.o(.bss)
    game_robot_HP_t                          0x20007868   Data          28  referee.o(.bss)
    robot_state                              0x20007884   Data          15  referee.o(.bss)
    power_heat_data_t                        0x20007893   Data          14  referee.o(.bss)
    game_robot_pos_t                         0x200078a1   Data          16  referee.o(.bss)
    student_interactive_data_t               0x200078b1   Data          12  referee.o(.bss)
    gimbal_control                           0x200078c0   Data        1456  gimbal_task.o(.bss)
    INS_gyro                                 0x20007e94   Data          12  ins_task.o(.bss)
    INS_angle                                0x20007ec8   Data          12  ins_task.o(.bss)
    accel_dma_rx_buf                         0x20007ed4   Data           9  ins_task.o(.bss)
    bmi088_real_data                         0x20007ee0   Data          36  ins_task.o(.bss)
    gyro_offset                              0x20007f04   Data          12  ins_task.o(.bss)
    gyro_cali_offset                         0x20007f10   Data          12  ins_task.o(.bss)
    accel_offset                             0x20007f1c   Data          12  ins_task.o(.bss)
    ist8310_real_data                        0x20007f28   Data          16  ins_task.o(.bss)
    mag_offset                               0x20007f38   Data          12  ins_task.o(.bss)
    aimbot                                   0x20007f8c   Data         156  aimbot_task.o(.bss)
    aimbot_tx_buffer                         0x20008028   Data          28  aimbot_task.o(.bss)
    aimbot_rx_buffer                         0x20008044   Data          48  aimbot_task.o(.bss)
    cruise_control                           0x20008074   Data          36  chassis_cruise.o(.bss)
    usart6_buf                               0x20008098   Data        1024  referee_usart_task.o(.bss)
    referee_fifo                             0x20008498   Data          24  referee_usart_task.o(.bss)
    referee_fifo_buf                         0x200084b0   Data        1024  referee_usart_task.o(.bss)
    referee_unpack_obj                       0x200088b0   Data         137  referee_usart_task.o(.bss)
    shoot                                    0x2000893c   Data         232  shoot.o(.bss)
    Chassis_steer_F_1                        0x20008a24   Data          15  oled_task.o(.bss)
    Chassis_steer_F_2                        0x20008a33   Data          15  oled_task.o(.bss)
    G3                                       0x20008a42   Data          15  oled_task.o(.bss)
    Chassis_mode_G                           0x20008a51   Data          15  oled_task.o(.bss)
    Alignment_G1                             0x20008a60   Data          15  oled_task.o(.bss)
    Alignment_G2                             0x20008a6f   Data          15  oled_task.o(.bss)
    oled                                     0x20008a80   Data          12  oled_task.o(.bss)
    __libspace_start                         0x20008a8c   Data          96  libspace.o(.bss)
    __temporary_stack_top$libspace           0x20008aec   Data           0  libspace.o(.bss)



==============================================================================

Memory Map of the image

  Image Entry point : 0x08000189

  Load Region LR_IROM1 (Base: 0x08000000, Size: 0x000126d4, Max: 0x00100000, ABSOLUTE, COMPRESSED[0x00012518])

    Execution Region ER_IROM1 (Exec base: 0x08000000, Load base: 0x08000000, Size: 0x0001249c, Max: 0x00100000, ABSOLUTE)

    Exec Addr    Load Addr    Size         Type   Attr      Idx    E Section Name        Object

    0x08000000   0x08000000   0x00000188   Data   RO            3    RESET               startup_stm32f407xx.o
    0x08000188   0x08000188   0x00000008   Code   RO         9650  * !!!main             c_w.l(__main.o)
    0x08000190   0x08000190   0x00000034   Code   RO        10171    !!!scatter          c_w.l(__scatter.o)
    0x080001c4   0x080001c4   0x0000005a   Code   RO        10169    !!dczerorl2         c_w.l(__dczerorl2.o)
    0x0800021e   0x0800021e   0x00000002   PAD
    0x08000220   0x08000220   0x0000001c   Code   RO        10173    !!handler_zi        c_w.l(__scatter_zi.o)
    0x0800023c   0x0800023c   0x00000002   Code   RO        10106    .ARM.Collect$$libinit$$00000000  c_w.l(libinit.o)
    0x0800023e   0x0800023e   0x00000004   Code   RO         9886    .ARM.Collect$$libinit$$00000001  c_w.l(libinit2.o)
    0x08000242   0x08000242   0x00000000   Code   RO         9889    .ARM.Collect$$libinit$$00000004  c_w.l(libinit2.o)
    0x08000242   0x08000242   0x00000000   Code   RO         9892    .ARM.Collect$$libinit$$0000000A  c_w.l(libinit2.o)
    0x08000242   0x08000242   0x00000000   Code   RO         9894    .ARM.Collect$$libinit$$0000000C  c_w.l(libinit2.o)
    0x08000242   0x08000242   0x00000000   Code   RO         9896    .ARM.Collect$$libinit$$0000000E  c_w.l(libinit2.o)
    0x08000242   0x08000242   0x00000000   Code   RO         9899    .ARM.Collect$$libinit$$00000011  c_w.l(libinit2.o)
    0x08000242   0x08000242   0x00000000   Code   RO         9901    .ARM.Collect$$libinit$$00000013  c_w.l(libinit2.o)
    0x08000242   0x08000242   0x00000000   Code   RO         9903    .ARM.Collect$$libinit$$00000015  c_w.l(libinit2.o)
    0x08000242   0x08000242   0x00000000   Code   RO         9905    .ARM.Collect$$libinit$$00000017  c_w.l(libinit2.o)
    0x08000242   0x08000242   0x00000000   Code   RO         9907    .ARM.Collect$$libinit$$00000019  c_w.l(libinit2.o)
    0x08000242   0x08000242   0x00000000   Code   RO         9909    .ARM.Collect$$libinit$$0000001B  c_w.l(libinit2.o)
    0x08000242   0x08000242   0x00000000   Code   RO         9911    .ARM.Collect$$libinit$$0000001D  c_w.l(libinit2.o)
    0x08000242   0x08000242   0x00000000   Code   RO         9913    .ARM.Collect$$libinit$$0000001F  c_w.l(libinit2.o)
    0x08000242   0x08000242   0x00000000   Code   RO         9915    .ARM.Collect$$libinit$$00000021  c_w.l(libinit2.o)
    0x08000242   0x08000242   0x00000000   Code   RO         9917    .ARM.Collect$$libinit$$00000023  c_w.l(libinit2.o)
    0x08000242   0x08000242   0x00000000   Code   RO         9919    .ARM.Collect$$libinit$$00000025  c_w.l(libinit2.o)
    0x08000242   0x08000242   0x00000000   Code   RO         9923    .ARM.Collect$$libinit$$0000002C  c_w.l(libinit2.o)
    0x08000242   0x08000242   0x00000000   Code   RO         9925    .ARM.Collect$$libinit$$0000002E  c_w.l(libinit2.o)
    0x08000242   0x08000242   0x00000000   Code   RO         9927    .ARM.Collect$$libinit$$00000030  c_w.l(libinit2.o)
    0x08000242   0x08000242   0x00000000   Code   RO         9929    .ARM.Collect$$libinit$$00000032  c_w.l(libinit2.o)
    0x08000242   0x08000242   0x00000002   Code   RO         9930    .ARM.Collect$$libinit$$00000033  c_w.l(libinit2.o)
    0x08000244   0x08000244   0x00000002   Code   RO        10166    .ARM.Collect$$libshutdown$$00000000  c_w.l(libshutdown.o)
    0x08000246   0x08000246   0x00000000   Code   RO        10122    .ARM.Collect$$libshutdown$$00000002  c_w.l(libshutdown2.o)
    0x08000246   0x08000246   0x00000000   Code   RO        10124    .ARM.Collect$$libshutdown$$00000004  c_w.l(libshutdown2.o)
    0x08000246   0x08000246   0x00000000   Code   RO        10126    .ARM.Collect$$libshutdown$$00000006  c_w.l(libshutdown2.o)
    0x08000246   0x08000246   0x00000000   Code   RO        10129    .ARM.Collect$$libshutdown$$00000009  c_w.l(libshutdown2.o)
    0x08000246   0x08000246   0x00000000   Code   RO        10132    .ARM.Collect$$libshutdown$$0000000C  c_w.l(libshutdown2.o)
    0x08000246   0x08000246   0x00000000   Code   RO        10134    .ARM.Collect$$libshutdown$$0000000E  c_w.l(libshutdown2.o)
    0x08000246   0x08000246   0x00000000   Code   RO        10137    .ARM.Collect$$libshutdown$$00000011  c_w.l(libshutdown2.o)
    0x08000246   0x08000246   0x00000002   Code   RO        10138    .ARM.Collect$$libshutdown$$00000012  c_w.l(libshutdown2.o)
    0x08000248   0x08000248   0x00000000   Code   RO         9852    .ARM.Collect$$rtentry$$00000000  c_w.l(__rtentry.o)
    0x08000248   0x08000248   0x00000000   Code   RO        10026    .ARM.Collect$$rtentry$$00000002  c_w.l(__rtentry2.o)
    0x08000248   0x08000248   0x00000006   Code   RO        10038    .ARM.Collect$$rtentry$$00000004  c_w.l(__rtentry4.o)
    0x0800024e   0x0800024e   0x00000000   Code   RO        10028    .ARM.Collect$$rtentry$$00000009  c_w.l(__rtentry2.o)
    0x0800024e   0x0800024e   0x00000004   Code   RO        10029    .ARM.Collect$$rtentry$$0000000A  c_w.l(__rtentry2.o)
    0x08000252   0x08000252   0x00000000   Code   RO        10031    .ARM.Collect$$rtentry$$0000000C  c_w.l(__rtentry2.o)
    0x08000252   0x08000252   0x00000008   Code   RO        10032    .ARM.Collect$$rtentry$$0000000D  c_w.l(__rtentry2.o)
    0x0800025a   0x0800025a   0x00000002   Code   RO        10109    .ARM.Collect$$rtexit$$00000000  c_w.l(rtexit.o)
    0x0800025c   0x0800025c   0x00000000   Code   RO        10142    .ARM.Collect$$rtexit$$00000002  c_w.l(rtexit2.o)
    0x0800025c   0x0800025c   0x00000004   Code   RO        10143    .ARM.Collect$$rtexit$$00000003  c_w.l(rtexit2.o)
    0x08000260   0x08000260   0x00000006   Code   RO        10144    .ARM.Collect$$rtexit$$00000004  c_w.l(rtexit2.o)
    0x08000266   0x08000266   0x00000002   PAD
    0x08000268   0x08000268   0x000000be   Code   RO         6369    .emb_text           port.o
    0x08000326   0x08000326   0x00000002   PAD
    0x08000328   0x08000328   0x00000040   Code   RO            4    .text               startup_stm32f407xx.o
    0x08000368   0x08000368   0x00000078   Code   RO         9412    .text               arm_cortexM4lf_math.lib(arm_cos_f32.o)
    0x080003e0   0x080003e0   0x00000074   Code   RO         9465    .text               arm_cortexM4lf_math.lib(arm_sin_f32.o)
    0x08000454   0x08000454   0x000000ee   Code   RO         9632    .text               c_w.l(lludivv7m.o)
    0x08000542   0x08000542   0x0000003e   Code   RO         9634    .text               c_w.l(strlen.o)
    0x08000580   0x08000580   0x0000008a   Code   RO         9636    .text               c_w.l(rt_memcpy_v6.o)
    0x0800060a   0x0800060a   0x00000064   Code   RO         9638    .text               c_w.l(rt_memcpy_w.o)
    0x0800066e   0x0800066e   0x00000010   Code   RO         9642    .text               c_w.l(aeabi_memset.o)
    0x0800067e   0x0800067e   0x00000044   Code   RO         9644    .text               c_w.l(rt_memclr.o)
    0x080006c2   0x080006c2   0x0000004e   Code   RO         9646    .text               c_w.l(rt_memclr_w.o)
    0x08000710   0x08000710   0x00000006   Code   RO         9648    .text               c_w.l(heapauxi.o)
    0x08000716   0x08000716   0x00000016   Code   RO         9882    .text               c_w.l(_rserrno.o)
    0x0800072c   0x0800072c   0x00000008   Code   RO        10022    .text               c_w.l(libspace.o)
    0x08000734   0x08000734   0x00000008   Code   RO        10045    .text               c_w.l(rt_errno_addr_intlibspace.o)
    0x0800073c   0x0800073c   0x00000030   Code   RO        10055    .text               c_w.l(_fptrap.o)
    0x0800076c   0x0800076c   0x00000002   Code   RO        10078    .text               c_w.l(use_no_semi.o)
    0x0800076e   0x0800076e   0x00000000   Code   RO        10080    .text               c_w.l(indicate_semi.o)
    0x0800076e   0x0800076e   0x0000004a   Code   RO        10081    .text               c_w.l(sys_stackheap_outer.o)
    0x080007b8   0x080007b8   0x00000012   Code   RO        10087    .text               c_w.l(exit.o)
    0x080007ca   0x080007ca   0x0000000a   Code   RO        10089    .text               c_w.l(defsig_exit.o)
    0x080007d4   0x080007d4   0x0000000e   Code   RO        10091    .text               c_w.l(defsig_fpe_outer.o)
    0x080007e2   0x080007e2   0x00000002   PAD
    0x080007e4   0x080007e4   0x0000000c   Code   RO        10107    .text               c_w.l(sys_exit.o)
    0x080007f0   0x080007f0   0x00000032   Code   RO        10117    .text               c_w.l(defsig_general.o)
    0x08000822   0x08000822   0x00000002   PAD
    0x08000824   0x08000824   0x000000ac   Code   RO        10119    .text               c_w.l(defsig_fpe_inner.o)
    0x080008d0   0x080008d0   0x0000000e   Code   RO        10139    .text               c_w.l(sys_wrch.o)
    0x080008de   0x080008de   0x00000002   PAD
    0x080008e0   0x080008e0   0x00000128   Code   RO         4680    i.ADC_Init          stm32f4xx_hal_adc.o
    0x08000a08   0x08000a08   0x00000004   Code   RO         8370    i.AHRS_asinf        ahrs_middleware.o
    0x08000a0c   0x08000a0c   0x00000004   Code   RO         8371    i.AHRS_atan2f       ahrs_middleware.o
    0x08000a10   0x08000a10   0x00000004   Code   RO         8372    i.AHRS_cosf         ahrs_middleware.o
    0x08000a14   0x08000a14   0x0000001a   Code   RO         9322    i.AHRS_fabs         AHRS.lib(ahrs.o)
    0x08000a2e   0x08000a2e   0x00000002   PAD
    0x08000a30   0x08000a30   0x00000014   Code   RO         8373    i.AHRS_get_height   ahrs_middleware.o
    0x08000a44   0x08000a44   0x0000000e   Code   RO         8374    i.AHRS_get_latitude  ahrs_middleware.o
    0x08000a52   0x08000a52   0x00000002   PAD
    0x08000a54   0x08000a54   0x0000029c   Code   RO         9323    i.AHRS_init         AHRS.lib(ahrs.o)
    0x08000cf0   0x08000cf0   0x00000014   Code   RO         8375    i.AHRS_invSqrt      ahrs_middleware.o
    0x08000d04   0x08000d04   0x00000004   Code   RO         8376    i.AHRS_sinf         ahrs_middleware.o
    0x08000d08   0x08000d08   0x0000013a   Code   RO         9324    i.AHRS_update       AHRS.lib(ahrs.o)
    0x08000e42   0x08000e42   0x00000002   PAD
    0x08000e44   0x08000e44   0x00000010   Code   RO         9252    i.BMI088_ACCEL_NS_H  bmi088middleware.o
    0x08000e54   0x08000e54   0x00000010   Code   RO         9253    i.BMI088_ACCEL_NS_L  bmi088middleware.o
    0x08000e64   0x08000e64   0x00000002   Code   RO         9254    i.BMI088_GPIO_init  bmi088middleware.o
    0x08000e66   0x08000e66   0x00000002   PAD
    0x08000e68   0x08000e68   0x00000010   Code   RO         9255    i.BMI088_GYRO_NS_H  bmi088middleware.o
    0x08000e78   0x08000e78   0x00000010   Code   RO         9256    i.BMI088_GYRO_NS_L  bmi088middleware.o
    0x08000e88   0x08000e88   0x00000088   Code   RO         9116    i.BMI088_accel_read_over  bmi088driver.o
    0x08000f10   0x08000f10   0x00000002   Code   RO         9257    i.BMI088_com_init   bmi088middleware.o
    0x08000f12   0x08000f12   0x00000004   Code   RO         9258    i.BMI088_delay_ms   bmi088middleware.o
    0x08000f16   0x08000f16   0x00000004   Code   RO         9259    i.BMI088_delay_us   bmi088middleware.o
    0x08000f1a   0x08000f1a   0x00000002   PAD
    0x08000f1c   0x08000f1c   0x00000060   Code   RO         9117    i.BMI088_gyro_read_over  bmi088driver.o
    0x08000f7c   0x08000f7c   0x0000002e   Code   RO         9118    i.BMI088_init       bmi088driver.o
    0x08000faa   0x08000faa   0x00000002   PAD
    0x08000fac   0x08000fac   0x00000158   Code   RO         9119    i.BMI088_read       bmi088driver.o
    0x08001104   0x08001104   0x00000024   Code   RO         9122    i.BMI088_read_muli_reg  bmi088driver.o
    0x08001128   0x08001128   0x00000016   Code   RO         9123    i.BMI088_read_single_reg  bmi088driver.o
    0x0800113e   0x0800113e   0x00000002   PAD
    0x08001140   0x08001140   0x00000020   Code   RO         9260    i.BMI088_read_write_byte  bmi088middleware.o
    0x08001160   0x08001160   0x0000002e   Code   RO         9124    i.BMI088_temperature_read_over  bmi088driver.o
    0x0800118e   0x0800118e   0x00000012   Code   RO         9125    i.BMI088_write_single_reg  bmi088driver.o
    0x080011a0   0x080011a0   0x00000002   Code   RO          725    i.BusFault_Handler  stm32f4xx_it.o
    0x080011a2   0x080011a2   0x00000002   PAD
    0x080011a4   0x080011a4   0x0000000c   Code   RO          726    i.CAN1_RX0_IRQHandler  stm32f4xx_it.o
    0x080011b0   0x080011b0   0x0000000c   Code   RO          727    i.CAN2_RX0_IRQHandler  stm32f4xx_it.o
    0x080011bc   0x080011bc   0x00000048   Code   RO         7033    i.CAN_cmd_chassis_motor  can_receive.o
    0x08001204   0x08001204   0x00000048   Code   RO         7035    i.CAN_cmd_chassis_steer  can_receive.o
    0x0800124c   0x0800124c   0x00000044   Code   RO         7036    i.CAN_cmd_gimbal    can_receive.o
    0x08001290   0x08001290   0x00000048   Code   RO         7037    i.CAN_cmd_shoot     can_receive.o
    0x080012d8   0x080012d8   0x00000074   Code   RO         8100    i.Circle_Draw       rm_cilent_ui.o
    0x0800134c   0x0800134c   0x0000000c   Code   RO          728    i.DMA2_Stream1_IRQHandler  stm32f4xx_it.o
    0x08001358   0x08001358   0x000002d4   Code   RO         7571    i.DMA2_Stream2_IRQHandler  ins_task.o
    0x0800162c   0x0800162c   0x0000000c   Code   RO          729    i.DMA2_Stream3_IRQHandler  stm32f4xx_it.o
    0x08001638   0x08001638   0x0000000c   Code   RO          730    i.DMA2_Stream5_IRQHandler  stm32f4xx_it.o
    0x08001644   0x08001644   0x0000000c   Code   RO          731    i.DMA2_Stream6_IRQHandler  stm32f4xx_it.o
    0x08001650   0x08001650   0x00000028   Code   RO         1626    i.DMA_CalcBaseAndBitshift  stm32f4xx_hal_dma.o
    0x08001678   0x08001678   0x00000054   Code   RO         1627    i.DMA_CheckFifoParam  stm32f4xx_hal_dma.o
    0x080016cc   0x080016cc   0x00000002   Code   RO          732    i.DebugMon_Handler  stm32f4xx_it.o
    0x080016ce   0x080016ce   0x00000006   Code   RO          733    i.EXTI0_IRQHandler  stm32f4xx_it.o
    0x080016d4   0x080016d4   0x00000008   Code   RO          734    i.EXTI15_10_IRQHandler  stm32f4xx_it.o
    0x080016dc   0x080016dc   0x00000006   Code   RO          735    i.EXTI3_IRQHandler  stm32f4xx_it.o
    0x080016e2   0x080016e2   0x00000006   Code   RO          736    i.EXTI4_IRQHandler  stm32f4xx_it.o
    0x080016e8   0x080016e8   0x00000006   Code   RO          737    i.EXTI9_5_IRQHandler  stm32f4xx_it.o
    0x080016ee   0x080016ee   0x00000002   Code   RO           13    i.Error_Handler     main.o
    0x080016f0   0x080016f0   0x00000086   Code   RO         8101    i.Float_Draw        rm_cilent_ui.o
    0x08001776   0x08001776   0x00000002   PAD
    0x08001778   0x08001778   0x0000002c   Code   RO         8102    i.Get_CRC16_Check_Sum_UI  rm_cilent_ui.o
    0x080017a4   0x080017a4   0x0000001c   Code   RO         8103    i.Get_CRC8_Check_Sum_UI  rm_cilent_ui.o
    0x080017c0   0x080017c0   0x0000001e   Code   RO         8042    i.Get_ID            aimbot_solving.o
    0x080017de   0x080017de   0x00000002   PAD
    0x080017e0   0x080017e0   0x0000014c   Code   RO         4682    i.HAL_ADC_ConfigChannel  stm32f4xx_hal_adc.o
    0x0800192c   0x0800192c   0x00000054   Code   RO         4691    i.HAL_ADC_Init      stm32f4xx_hal_adc.o
    0x08001980   0x08001980   0x0000007c   Code   RO          886    i.HAL_ADC_MspInit   adc.o
    0x080019fc   0x080019fc   0x00000024   Code   RO          934    i.HAL_CAN_ActivateNotification  stm32f4xx_hal_can.o
    0x08001a20   0x08001a20   0x000000dc   Code   RO          935    i.HAL_CAN_AddTxMessage  stm32f4xx_hal_can.o
    0x08001afc   0x08001afc   0x0000010c   Code   RO          936    i.HAL_CAN_ConfigFilter  stm32f4xx_hal_can.o
    0x08001c08   0x08001c08   0x00000002   Code   RO          939    i.HAL_CAN_ErrorCallback  stm32f4xx_hal_can.o
    0x08001c0a   0x08001c0a   0x000000e8   Code   RO          942    i.HAL_CAN_GetRxMessage  stm32f4xx_hal_can.o
    0x08001cf2   0x08001cf2   0x000001fc   Code   RO          946    i.HAL_CAN_IRQHandler  stm32f4xx_hal_can.o
    0x08001eee   0x08001eee   0x0000011a   Code   RO          947    i.HAL_CAN_Init      stm32f4xx_hal_can.o
    0x08002008   0x08002008   0x000000fc   Code   RO          395    i.HAL_CAN_MspInit   can.o
    0x08002104   0x08002104   0x00000002   Code   RO          954    i.HAL_CAN_RxFifo0FullCallback  stm32f4xx_hal_can.o
    0x08002106   0x08002106   0x00000002   PAD
    0x08002108   0x08002108   0x00000218   Code   RO         7038    i.HAL_CAN_RxFifo0MsgPendingCallback  can_receive.o
    0x08002320   0x08002320   0x00000002   Code   RO          956    i.HAL_CAN_RxFifo1FullCallback  stm32f4xx_hal_can.o
    0x08002322   0x08002322   0x00000002   Code   RO          957    i.HAL_CAN_RxFifo1MsgPendingCallback  stm32f4xx_hal_can.o
    0x08002324   0x08002324   0x00000002   Code   RO          958    i.HAL_CAN_SleepCallback  stm32f4xx_hal_can.o
    0x08002326   0x08002326   0x00000002   PAD
    0x08002328   0x08002328   0x00000058   Code   RO          959    i.HAL_CAN_Start     stm32f4xx_hal_can.o
    0x08002380   0x08002380   0x00000002   Code   RO          961    i.HAL_CAN_TxMailbox0AbortCallback  stm32f4xx_hal_can.o
    0x08002382   0x08002382   0x00000002   Code   RO          962    i.HAL_CAN_TxMailbox0CompleteCallback  stm32f4xx_hal_can.o
    0x08002384   0x08002384   0x00000002   Code   RO          963    i.HAL_CAN_TxMailbox1AbortCallback  stm32f4xx_hal_can.o
    0x08002386   0x08002386   0x00000002   Code   RO          964    i.HAL_CAN_TxMailbox1CompleteCallback  stm32f4xx_hal_can.o
    0x08002388   0x08002388   0x00000002   Code   RO          965    i.HAL_CAN_TxMailbox2AbortCallback  stm32f4xx_hal_can.o
    0x0800238a   0x0800238a   0x00000002   Code   RO          966    i.HAL_CAN_TxMailbox2CompleteCallback  stm32f4xx_hal_can.o
    0x0800238c   0x0800238c   0x00000002   Code   RO          968    i.HAL_CAN_WakeUpFromRxMsgCallback  stm32f4xx_hal_can.o
    0x0800238e   0x0800238e   0x00000024   Code   RO         1630    i.HAL_DMA_Abort_IT  stm32f4xx_hal_dma.o
    0x080023b2   0x080023b2   0x00000002   PAD
    0x080023b4   0x080023b4   0x000001a0   Code   RO         1634    i.HAL_DMA_IRQHandler  stm32f4xx_hal_dma.o
    0x08002554   0x08002554   0x000000d4   Code   RO         1635    i.HAL_DMA_Init      stm32f4xx_hal_dma.o
    0x08002628   0x08002628   0x00000020   Code   RO         7393    i.HAL_GPIO_EXTI_Callback  gimbal_task.o
    0x08002648   0x08002648   0x00000078   Code   RO         7572    i.HAL_GPIO_EXTI_Callback_INS  ins_task.o
    0x080026c0   0x080026c0   0x00000018   Code   RO         1521    i.HAL_GPIO_EXTI_IRQHandler  stm32f4xx_hal_gpio.o
    0x080026d8   0x080026d8   0x000001b0   Code   RO         1522    i.HAL_GPIO_Init     stm32f4xx_hal_gpio.o
    0x08002888   0x08002888   0x0000000a   Code   RO         1526    i.HAL_GPIO_WritePin  stm32f4xx_hal_gpio.o
    0x08002892   0x08002892   0x00000002   PAD
    0x08002894   0x08002894   0x0000000c   Code   RO         2054    i.HAL_GetTick       stm32f4xx_hal.o
    0x080028a0   0x080028a0   0x00000174   Code   RO         2307    i.HAL_I2C_Init      stm32f4xx_hal_i2c.o
    0x08002a14   0x08002a14   0x000001f8   Code   RO         2325    i.HAL_I2C_Mem_Read  stm32f4xx_hal_i2c.o
    0x08002c0c   0x08002c0c   0x00000130   Code   RO         2328    i.HAL_I2C_Mem_Write  stm32f4xx_hal_i2c.o
    0x08002d3c   0x08002d3c   0x00000088   Code   RO          468    i.HAL_I2C_MspInit   i2c.o
    0x08002dc4   0x08002dc4   0x00000010   Code   RO         2060    i.HAL_IncTick       stm32f4xx_hal.o
    0x08002dd4   0x08002dd4   0x00000034   Code   RO         2061    i.HAL_Init          stm32f4xx_hal.o
    0x08002e08   0x08002e08   0x00000040   Code   RO         2062    i.HAL_InitTick      stm32f4xx_hal.o
    0x08002e48   0x08002e48   0x00000038   Code   RO          861    i.HAL_MspInit       stm32f4xx_hal_msp.o
    0x08002e80   0x08002e80   0x0000001a   Code   RO         1911    i.HAL_NVIC_EnableIRQ  stm32f4xx_hal_cortex.o
    0x08002e9a   0x08002e9a   0x00000002   PAD
    0x08002e9c   0x08002e9c   0x00000040   Code   RO         1917    i.HAL_NVIC_SetPriority  stm32f4xx_hal_cortex.o
    0x08002edc   0x08002edc   0x00000024   Code   RO         1918    i.HAL_NVIC_SetPriorityGrouping  stm32f4xx_hal_cortex.o
    0x08002f00   0x08002f00   0x00000024   Code   RO         1919    i.HAL_NVIC_SystemReset  stm32f4xx_hal_cortex.o
    0x08002f24   0x08002f24   0x0000013c   Code   RO         1273    i.HAL_RCCEx_PeriphCLKConfig  stm32f4xx_hal_rcc_ex.o
    0x08003060   0x08003060   0x00000130   Code   RO         1168    i.HAL_RCC_ClockConfig  stm32f4xx_hal_rcc.o
    0x08003190   0x08003190   0x00000020   Code   RO         1175    i.HAL_RCC_GetPCLK1Freq  stm32f4xx_hal_rcc.o
    0x080031b0   0x080031b0   0x00000020   Code   RO         1176    i.HAL_RCC_GetPCLK2Freq  stm32f4xx_hal_rcc.o
    0x080031d0   0x080031d0   0x00000064   Code   RO         1177    i.HAL_RCC_GetSysClockFreq  stm32f4xx_hal_rcc.o
    0x08003234   0x08003234   0x0000031c   Code   RO         1180    i.HAL_RCC_OscConfig  stm32f4xx_hal_rcc.o
    0x08003550   0x08003550   0x000000ac   Code   RO         2744    i.HAL_RTC_Init      stm32f4xx_hal_rtc.o
    0x080035fc   0x080035fc   0x00000018   Code   RO          510    i.HAL_RTC_MspInit   rtc.o
    0x08003614   0x08003614   0x00000036   Code   RO         2752    i.HAL_RTC_WaitForSynchro  stm32f4xx_hal_rtc.o
    0x0800364a   0x0800364a   0x00000080   Code   RO         3112    i.HAL_SPI_Init      stm32f4xx_hal_spi.o
    0x080036ca   0x080036ca   0x00000002   PAD
    0x080036cc   0x080036cc   0x00000100   Code   RO          552    i.HAL_SPI_MspInit   spi.o
    0x080037cc   0x080037cc   0x000001e2   Code   RO         3121    i.HAL_SPI_TransmitReceive  stm32f4xx_hal_spi.o
    0x080039ae   0x080039ae   0x00000028   Code   RO         1922    i.HAL_SYSTICK_Config  stm32f4xx_hal_cortex.o
    0x080039d6   0x080039d6   0x00000054   Code   RO         4103    i.HAL_TIMEx_ConfigBreakDeadTime  stm32f4xx_hal_tim_ex.o
    0x08003a2a   0x08003a2a   0x00000042   Code   RO         4118    i.HAL_TIMEx_MasterConfigSynchronization  stm32f4xx_hal_tim_ex.o
    0x08003a6c   0x08003a6c   0x00000036   Code   RO         3425    i.HAL_TIM_Base_Init  stm32f4xx_hal_tim.o
    0x08003aa2   0x08003aa2   0x00000002   PAD
    0x08003aa4   0x08003aa4   0x000000ac   Code   RO          594    i.HAL_TIM_Base_MspInit  tim.o
    0x08003b50   0x08003b50   0x000000d6   Code   RO         3434    i.HAL_TIM_ConfigClockSource  stm32f4xx_hal_tim.o
    0x08003c26   0x08003c26   0x00000002   PAD
    0x08003c28   0x08003c28   0x0000010c   Code   RO          595    i.HAL_TIM_MspPostInit  tim.o
    0x08003d34   0x08003d34   0x000000d0   Code   RO         3492    i.HAL_TIM_PWM_ConfigChannel  stm32f4xx_hal_tim.o
    0x08003e04   0x08003e04   0x00000036   Code   RO         3495    i.HAL_TIM_PWM_Init  stm32f4xx_hal_tim.o
    0x08003e3a   0x08003e3a   0x00000002   Code   RO         3497    i.HAL_TIM_PWM_MspInit  stm32f4xx_hal_tim.o
    0x08003e3c   0x08003e3c   0x00000044   Code   RO         3500    i.HAL_TIM_PWM_Start  stm32f4xx_hal_tim.o
    0x08003e80   0x08003e80   0x0000005c   Code   RO         3503    i.HAL_TIM_PWM_Stop  stm32f4xx_hal_tim.o
    0x08003edc   0x08003edc   0x00000002   Code   RO         4372    i.HAL_UART_ErrorCallback  stm32f4xx_hal_uart.o
    0x08003ede   0x08003ede   0x00000002   PAD
    0x08003ee0   0x08003ee0   0x00000110   Code   RO         4375    i.HAL_UART_IRQHandler  stm32f4xx_hal_uart.o
    0x08003ff0   0x08003ff0   0x00000062   Code   RO         4376    i.HAL_UART_Init     stm32f4xx_hal_uart.o
    0x08004052   0x08004052   0x00000002   PAD
    0x08004054   0x08004054   0x00000284   Code   RO          672    i.HAL_UART_MspInit  usart.o
    0x080042d8   0x080042d8   0x00000052   Code   RO         4381    i.HAL_UART_Receive_IT  stm32f4xx_hal_uart.o
    0x0800432a   0x0800432a   0x00000002   PAD
    0x0800432c   0x0800432c   0x00000010   Code   RO         6869    i.HAL_UART_RxCpltCallback  bsp_usart.o
    0x0800433c   0x0800433c   0x0000003e   Code   RO         4386    i.HAL_UART_Transmit_IT  stm32f4xx_hal_uart.o
    0x0800437a   0x0800437a   0x00000002   Code   RO         4387    i.HAL_UART_TxCpltCallback  stm32f4xx_hal_uart.o
    0x0800437c   0x0800437c   0x00000002   Code   RO          738    i.HardFault_Handler  stm32f4xx_it.o
    0x0800437e   0x0800437e   0x0000002e   Code   RO         2349    i.I2C_IsAcknowledgeFailed  stm32f4xx_hal_i2c.o
    0x080043ac   0x080043ac   0x000000e6   Code   RO         2358    i.I2C_RequestMemoryRead  stm32f4xx_hal_i2c.o
    0x08004492   0x08004492   0x00000002   PAD
    0x08004494   0x08004494   0x00000094   Code   RO         2359    i.I2C_RequestMemoryWrite  stm32f4xx_hal_i2c.o
    0x08004528   0x08004528   0x0000004c   Code   RO         2362    i.I2C_WaitOnBTFFlagUntilTimeout  stm32f4xx_hal_i2c.o
    0x08004574   0x08004574   0x00000068   Code   RO         2363    i.I2C_WaitOnFlagUntilTimeout  stm32f4xx_hal_i2c.o
    0x080045dc   0x080045dc   0x00000096   Code   RO         2364    i.I2C_WaitOnMasterAddressFlagUntilTimeout  stm32f4xx_hal_i2c.o
    0x08004672   0x08004672   0x00000066   Code   RO         2365    i.I2C_WaitOnRXNEFlagUntilTimeout  stm32f4xx_hal_i2c.o
    0x080046d8   0x080046d8   0x0000004c   Code   RO         2366    i.I2C_WaitOnTXEFlagUntilTimeout  stm32f4xx_hal_i2c.o
    0x08004724   0x08004724   0x0000024c   Code   RO         7575    i.INS_task          ins_task.o
    0x08004970   0x08004970   0x0000007e   Code   RO         8104    i.Line_Draw         rm_cilent_ui.o
    0x080049ee   0x080049ee   0x00000002   PAD
    0x080049f0   0x080049f0   0x00000064   Code   RO          887    i.MX_ADC1_Init      adc.o
    0x08004a54   0x08004a54   0x00000064   Code   RO          888    i.MX_ADC3_Init      adc.o
    0x08004ab8   0x08004ab8   0x00000044   Code   RO          396    i.MX_CAN1_Init      can.o
    0x08004afc   0x08004afc   0x00000044   Code   RO          397    i.MX_CAN2_Init      can.o
    0x08004b40   0x08004b40   0x0000008c   Code   RO          443    i.MX_DMA_Init       dma.o
    0x08004bcc   0x08004bcc   0x000000ac   Code   RO          293    i.MX_FREERTOS_Init  freertos.o
    0x08004c78   0x08004c78   0x000001a8   Code   RO          269    i.MX_GPIO_Init      gpio.o
    0x08004e20   0x08004e20   0x00000040   Code   RO          469    i.MX_I2C3_Init      i2c.o
    0x08004e60   0x08004e60   0x00000038   Code   RO          511    i.MX_RTC_Init       rtc.o
    0x08004e98   0x08004e98   0x00000048   Code   RO          553    i.MX_SPI1_Init      spi.o
    0x08004ee0   0x08004ee0   0x00000064   Code   RO          596    i.MX_TIM10_Init     tim.o
    0x08004f44   0x08004f44   0x000000d0   Code   RO          597    i.MX_TIM1_Init      tim.o
    0x08005014   0x08005014   0x00000098   Code   RO          598    i.MX_TIM3_Init      tim.o
    0x080050ac   0x080050ac   0x00000098   Code   RO          599    i.MX_TIM4_Init      tim.o
    0x08005144   0x08005144   0x000000b8   Code   RO          600    i.MX_TIM5_Init      tim.o
    0x080051fc   0x080051fc   0x00000068   Code   RO          601    i.MX_TIM8_Init      tim.o
    0x08005264   0x08005264   0x00000038   Code   RO          673    i.MX_USART1_UART_Init  usart.o
    0x0800529c   0x0800529c   0x00000040   Code   RO          674    i.MX_USART3_UART_Init  usart.o
    0x080052dc   0x080052dc   0x00000038   Code   RO          675    i.MX_USART6_UART_Init  usart.o
    0x08005314   0x08005314   0x00000002   Code   RO          739    i.MemManage_Handler  stm32f4xx_it.o
    0x08005316   0x08005316   0x00000002   PAD
    0x08005318   0x08005318   0x0000005c   Code   RO         8212    i.Motor_Angle_Cal   shoot.o
    0x08005374   0x08005374   0x00000002   Code   RO          740    i.NMI_Handler       stm32f4xx_it.o
    0x08005376   0x08005376   0x00000002   PAD
    0x08005378   0x08005378   0x00000128   Code   RO         8333    i.PID_calc          pid.o
    0x080054a0   0x080054a0   0x0000005c   Code   RO         8335    i.PID_init          pid.o
    0x080054fc   0x080054fc   0x00000060   Code   RO         6743    i.RC_Init           bsp_rc.o
    0x0800555c   0x0800555c   0x0000000a   Code   RO         6953    i.RC_abs            remote_control.o
    0x08005566   0x08005566   0x00000016   Code   RO         6955    i.RC_rocker_drift_resolution  remote_control.o
    0x0800557c   0x0800557c   0x0000003a   Code   RO         2755    i.RTC_EnterInitMode  stm32f4xx_hal_rtc.o
    0x080055b6   0x080055b6   0x00000002   PAD
    0x080055b8   0x080055b8   0x00001274   Code   RO         6780    i.SPI1_DMA_enable   bsp_spi.o
    0x0800682c   0x0800682c   0x000000f0   Code   RO         6781    i.SPI1_DMA_init     bsp_spi.o
    0x0800691c   0x0800691c   0x00000058   Code   RO         3150    i.SPI_EndRxTxTransaction  stm32f4xx_hal_spi.o
    0x08006974   0x08006974   0x00000094   Code   RO         3155    i.SPI_WaitFlagStateUntilTimeout  stm32f4xx_hal_spi.o
    0x08006a08   0x08006a08   0x00000018   Code   RO          741    i.SysTick_Handler   stm32f4xx_it.o
    0x08006a20   0x08006a20   0x0000009c   Code   RO           14    i.SystemClock_Config  main.o
    0x08006abc   0x08006abc   0x00000054   Code   RO         4953    i.SystemInit        system_stm32f4xx.o
    0x08006b10   0x08006b10   0x000000c8   Code   RO         3513    i.TIM_Base_SetConfig  stm32f4xx_hal_tim.o
    0x08006bd8   0x08006bd8   0x0000001a   Code   RO         3514    i.TIM_CCxChannelCmd  stm32f4xx_hal_tim.o
    0x08006bf2   0x08006bf2   0x00000014   Code   RO         3524    i.TIM_ETR_SetConfig  stm32f4xx_hal_tim.o
    0x08006c06   0x08006c06   0x00000010   Code   RO         3525    i.TIM_ITRx_SetConfig  stm32f4xx_hal_tim.o
    0x08006c16   0x08006c16   0x00000002   PAD
    0x08006c18   0x08006c18   0x00000060   Code   RO         3526    i.TIM_OC1_SetConfig  stm32f4xx_hal_tim.o
    0x08006c78   0x08006c78   0x0000006c   Code   RO         3527    i.TIM_OC2_SetConfig  stm32f4xx_hal_tim.o
    0x08006ce4   0x08006ce4   0x00000068   Code   RO         3528    i.TIM_OC3_SetConfig  stm32f4xx_hal_tim.o
    0x08006d4c   0x08006d4c   0x00000050   Code   RO         3529    i.TIM_OC4_SetConfig  stm32f4xx_hal_tim.o
    0x08006d9c   0x08006d9c   0x00000022   Code   RO         3531    i.TIM_TI1_ConfigInputStage  stm32f4xx_hal_tim.o
    0x08006dbe   0x08006dbe   0x00000024   Code   RO         3533    i.TIM_TI2_ConfigInputStage  stm32f4xx_hal_tim.o
    0x08006de2   0x08006de2   0x00000010   Code   RO         4389    i.UART_DMAAbortOnError  stm32f4xx_hal_uart.o
    0x08006df2   0x08006df2   0x0000001c   Code   RO         4399    i.UART_EndRxTransfer  stm32f4xx_hal_uart.o
    0x08006e0e   0x08006e0e   0x00000096   Code   RO         4401    i.UART_Receive_IT   stm32f4xx_hal_uart.o
    0x08006ea4   0x08006ea4   0x000002ac   Code   RO         4402    i.UART_SetConfig    stm32f4xx_hal_uart.o
    0x08007150   0x08007150   0x00000062   Code   RO         4403    i.UART_Transmit_IT  stm32f4xx_hal_uart.o
    0x080071b2   0x080071b2   0x00000002   PAD
    0x080071b4   0x080071b4   0x00000120   Code   RO         8107    i.UI_ReFresh        rm_cilent_ui.o
    0x080072d4   0x080072d4   0x00000060   Code   RO         8109    i.UI_select         rm_cilent_ui.o
    0x08007334   0x08007334   0x00000018   Code   RO          742    i.USART1_IRQHandler  stm32f4xx_it.o
    0x0800734c   0x0800734c   0x000000b4   Code   RO         6956    i.USART3_IRQHandler  remote_control.o
    0x08007400   0x08007400   0x00000094   Code   RO         7942    i.USART6_IRQHandler  referee_usart_task.o
    0x08007494   0x08007494   0x00000014   Code   RO         8110    i.Uart6SendChar     rm_cilent_ui.o
    0x080074a8   0x080074a8   0x00000002   Code   RO          743    i.UsageFault_Handler  stm32f4xx_it.o
    0x080074aa   0x080074aa   0x00000030   Code   RO         9985    i.__ARM_fpclassify  m_wm.l(fpclassify.o)
    0x080074da   0x080074da   0x00000026   Code   RO         9987    i.__ARM_fpclassifyf  m_wm.l(fpclassifyf.o)
    0x08007500   0x08007500   0x00000020   Code   RO         1924    i.__NVIC_SetPriority  stm32f4xx_hal_cortex.o
    0x08007520   0x08007520   0x0000012c   Code   RO         9700    i.__hardfp_asinf    m_wm.l(asinf.o)
    0x0800764c   0x0800764c   0x00000004   PAD
    0x08007650   0x08007650   0x000002d8   Code   RO         9712    i.__hardfp_atan     m_wm.l(atan.o)
    0x08007928   0x08007928   0x00000200   Code   RO         9726    i.__hardfp_atan2    m_wm.l(atan2.o)
    0x08007b28   0x08007b28   0x000002ac   Code   RO         9738    i.__hardfp_atan2f   m_wm.l(atan2f.o)
    0x08007dd4   0x08007dd4   0x00000160   Code   RO         9750    i.__hardfp_atanf    m_wm.l(atanf.o)
    0x08007f34   0x08007f34   0x00000004   PAD
    0x08007f38   0x08007f38   0x000000c8   Code   RO         9762    i.__hardfp_cos      m_wm.l(cos.o)
    0x08008000   0x08008000   0x000003c4   Code   RO         9774    i.__hardfp_log      m_wm.l(log.o)
    0x080083c4   0x080083c4   0x00000004   PAD
    0x080083c8   0x080083c8   0x00000c50   Code   RO         9788    i.__hardfp_pow      m_wm.l(pow.o)
    0x08009018   0x08009018   0x000000c8   Code   RO         9802    i.__hardfp_sin      m_wm.l(sin.o)
    0x080090e0   0x080090e0   0x0000007a   Code   RO         9826    i.__hardfp_sqrt     m_wm.l(sqrt_full.o)
    0x0800915a   0x0800915a   0x0000003a   Code   RO         9832    i.__hardfp_sqrtf    m_wm.l(sqrtf_full.o)
    0x08009194   0x08009194   0x00000004   PAD
    0x08009198   0x08009198   0x00000438   Code   RO        10006    i.__ieee754_rem_pio2  m_wm.l(rred.o)
    0x080095d0   0x080095d0   0x00000170   Code   RO         9962    i.__kernel_cos      m_wm.l(cos_i.o)
    0x08009740   0x08009740   0x000000f8   Code   RO        10003    i.__kernel_poly     m_wm.l(poly.o)
    0x08009838   0x08009838   0x00000130   Code   RO        10014    i.__kernel_sin      m_wm.l(sin_i.o)
    0x08009968   0x08009968   0x00000030   Code   RO         9965    i.__mathlib_dbl_divzero  m_wm.l(dunder.o)
    0x08009998   0x08009998   0x00000014   Code   RO         9966    i.__mathlib_dbl_infnan  m_wm.l(dunder.o)
    0x080099ac   0x080099ac   0x00000014   Code   RO         9967    i.__mathlib_dbl_infnan2  m_wm.l(dunder.o)
    0x080099c0   0x080099c0   0x00000020   Code   RO         9968    i.__mathlib_dbl_invalid  m_wm.l(dunder.o)
    0x080099e0   0x080099e0   0x00000020   Code   RO         9969    i.__mathlib_dbl_overflow  m_wm.l(dunder.o)
    0x08009a00   0x08009a00   0x00000020   Code   RO         9971    i.__mathlib_dbl_underflow  m_wm.l(dunder.o)
    0x08009a20   0x08009a20   0x00000006   Code   RO         9990    i.__mathlib_flt_infnan  m_wm.l(funder.o)
    0x08009a26   0x08009a26   0x00000006   Code   RO         9991    i.__mathlib_flt_infnan2  m_wm.l(funder.o)
    0x08009a2c   0x08009a2c   0x00000010   Code   RO         9992    i.__mathlib_flt_invalid  m_wm.l(funder.o)
    0x08009a3c   0x08009a3c   0x00000010   Code   RO         9995    i.__mathlib_flt_underflow  m_wm.l(funder.o)
    0x08009a4c   0x08009a4c   0x00000022   Code   RO         8527    i.abs_limit         user_lib.o
    0x08009a6e   0x08009a6e   0x00000002   PAD
    0x08009a70   0x08009a70   0x000001d0   Code   RO         9325    i.accel_comple_filter  AHRS.lib(ahrs.o)
    0x08009c40   0x08009c40   0x0000018c   Code   RO         9326    i.accel_update_kp_ki  AHRS.lib(ahrs.o)
    0x08009dcc   0x08009dcc   0x0000006c   Code   RO         7710    i.aimbot_control_loop  aimbot_task.o
    0x08009e38   0x08009e38   0x00000290   Code   RO         7711    i.aimbot_feedback_update  aimbot_task.o
    0x0800a0c8   0x0800a0c8   0x000001bc   Code   RO         7712    i.aimbot_flight_time_count  aimbot_task.o
    0x0800a284   0x0800a284   0x00000110   Code   RO         7395    i.aimbot_gimbal_control  gimbal_task.o
    0x0800a394   0x0800a394   0x00000090   Code   RO         7713    i.aimbot_init       aimbot_task.o
    0x0800a424   0x0800a424   0x0000000c   Code   RO         7714    i.aimbot_mode_set   aimbot_task.o
    0x0800a430   0x0800a430   0x0000003e   Code   RO         8044    i.aimbot_pitch_world_to_rad  aimbot_solving.o
    0x0800a46e   0x0800a46e   0x00000002   PAD
    0x0800a470   0x0800a470   0x0000004c   Code   RO         7715    i.aimbot_quar_to_angle_count  aimbot_task.o
    0x0800a4bc   0x0800a4bc   0x00000074   Code   RO         7716    i.aimbot_receive_program  aimbot_task.o
    0x0800a530   0x0800a530   0x00000040   Code   RO         7717    i.aimbot_task       aimbot_task.o
    0x0800a570   0x0800a570   0x00000070   Code   RO         8045    i.aimbot_yaw_world_to_rad  aimbot_solving.o
    0x0800a5e0   0x0800a5e0   0x0000016c   Code   RO         9327    i.angle_to_quat     AHRS.lib(ahrs.o)
    0x0800a74c   0x0800a74c   0x00000028   Code   RO         8666    i.append_CRC16_check_sum  crc8_crc16.o
    0x0800a774   0x0800a774   0x00000010   Code   RO         9714    i.atan              m_wm.l(atan.o)
    0x0800a784   0x0800a784   0x00000128   Code   RO         9126    i.bmi088_accel_init  bmi088driver.o
    0x0800a8ac   0x0800a8ac   0x000002c0   Code   RO         9127    i.bmi088_accel_self_test  bmi088driver.o
    0x0800ab6c   0x0800ab6c   0x000000dc   Code   RO         9128    i.bmi088_gyro_init  bmi088driver.o
    0x0800ac48   0x0800ac48   0x000000ca   Code   RO         9129    i.bmi088_gyro_self_test  bmi088driver.o
    0x0800ad12   0x0800ad12   0x00000002   PAD
    0x0800ad14   0x0800ad14   0x00000058   Code   RO         6563    i.can_filter_init   bsp_can.o
    0x0800ad6c   0x0800ad6c   0x000000e2   Code   RO         7151    i.chassis_control_loop  chassis_task.o
    0x0800ae4e   0x0800ae4e   0x00000002   PAD
    0x0800ae50   0x0800ae50   0x000000d0   Code   RO         7152    i.chassis_feedback_update  chassis_task.o
    0x0800af20   0x0800af20   0x0000010c   Code   RO         7153    i.chassis_init      chassis_task.o
    0x0800b02c   0x0800b02c   0x00000298   Code   RO         7154    i.chassis_move_chassis_follow_gimbal  chassis_task.o
    0x0800b2c4   0x0800b2c4   0x00000046   Code   RO         7156    i.chassis_move_without_follow  chassis_task.o
    0x0800b30a   0x0800b30a   0x00000002   PAD
    0x0800b30c   0x0800b30c   0x00000188   Code   RO         7988    i.chassis_power_control  chassis_power_control.o
    0x0800b494   0x0800b494   0x0000001c   Code   RO         7157    i.chassis_regular_move  chassis_task.o
    0x0800b4b0   0x0800b4b0   0x00000032   Code   RO         7158    i.chassis_set_control  chassis_task.o
    0x0800b4e2   0x0800b4e2   0x00000002   PAD
    0x0800b4e4   0x0800b4e4   0x00000258   Code   RO         7160    i.chassis_steer_motor_count  chassis_task.o
    0x0800b73c   0x0800b73c   0x00000084   Code   RO         7161    i.chassis_task      chassis_task.o
    0x0800b7c0   0x0800b7c0   0x00000234   Code   RO         7162    i.chassis_vector_to_M3508_wheel_speed  chassis_task.o
    0x0800b9f4   0x0800b9f4   0x00000028   Code   RO         6588    i.delay_init        bsp_delay.o
    0x0800ba1c   0x0800ba1c   0x00000034   Code   RO         6590    i.delay_us          bsp_delay.o
    0x0800ba50   0x0800ba50   0x00000018   Code   RO         9981    i.fabs              m_wm.l(fabs.o)
    0x0800ba68   0x0800ba68   0x0000002c   Code   RO         8741    i.fifo_s_get        fifo.o
    0x0800ba94   0x0800ba94   0x00000016   Code   RO         8744    i.fifo_s_init       fifo.o
    0x0800baaa   0x0800baaa   0x0000007c   Code   RO         8750    i.fifo_s_puts       fifo.o
    0x0800bb26   0x0800bb26   0x00000004   Code   RO         8752    i.fifo_s_used       fifo.o
    0x0800bb2a   0x0800bb2a   0x00000002   PAD
    0x0800bb2c   0x0800bb2c   0x00000044   Code   RO         7396    i.fric_motor_PID_control  gimbal_task.o
    0x0800bb70   0x0800bb70   0x0000002c   Code   RO         8668    i.get_CRC16_check_sum  crc8_crc16.o
    0x0800bb9c   0x0800bb9c   0x0000001c   Code   RO         8669    i.get_CRC8_check_sum  crc8_crc16.o
    0x0800bbb8   0x0800bbb8   0x00000008   Code   RO         7576    i.get_INS_angle_point  ins_task.o
    0x0800bbc0   0x0800bbc0   0x00000008   Code   RO         7577    i.get_INS_quat_point  ins_task.o
    0x0800bbc8   0x0800bbc8   0x00000008   Code   RO         7718    i.get_aimbot_point  aimbot_task.o
    0x0800bbd0   0x0800bbd0   0x000000e8   Code   RO         9328    i.get_angle         AHRS.lib(ahrs.o)
    0x0800bcb8   0x0800bcb8   0x00000008   Code   RO         7892    i.get_chassis_cruise_point  chassis_cruise.o
    0x0800bcc0   0x0800bcc0   0x00000010   Code   RO         7039    i.get_chassis_motor_measure_point  can_receive.o
    0x0800bcd0   0x0800bcd0   0x00000008   Code   RO         7163    i.get_chassis_move_point  chassis_task.o
    0x0800bcd8   0x0800bcd8   0x0000001c   Code   RO         7304    i.get_chassis_power_and_buffer  referee.o
    0x0800bcf4   0x0800bcf4   0x00000010   Code   RO         7040    i.get_chassis_steer_measure_point  can_receive.o
    0x0800bd04   0x0800bd04   0x00000010   Code   RO         7041    i.get_gimbal_motor_measure_point  can_receive.o
    0x0800bd14   0x0800bd14   0x00000008   Code   RO         7397    i.get_gimbal_move_point  gimbal_task.o
    0x0800bd1c   0x0800bd1c   0x00000008   Code   RO         7579    i.get_gyro_data_point  ins_task.o
    0x0800bd24   0x0800bd24   0x00000008   Code   RO         6957    i.get_remote_control_point  remote_control.o
    0x0800bd2c   0x0800bd2c   0x0000000c   Code   RO         7305    i.get_robot_id      referee.o
    0x0800bd38   0x0800bd38   0x00000014   Code   RO         7306    i.get_shoot_heat0_limit_and_heat0  referee.o
    0x0800bd4c   0x0800bd4c   0x00000014   Code   RO         7042    i.get_shoot_motor_measure_point  can_receive.o
    0x0800bd60   0x0800bd60   0x00000080   Code   RO         7398    i.gimbal_PID_calc   gimbal_task.o
    0x0800bde0   0x0800bde0   0x00000024   Code   RO         7399    i.gimbal_PID_init   gimbal_task.o
    0x0800be04   0x0800be04   0x000000f4   Code   RO         7400    i.gimbal_control_loop  gimbal_task.o
    0x0800bef8   0x0800bef8   0x00000068   Code   RO         7401    i.gimbal_ecd_yaw_control  gimbal_task.o
    0x0800bf60   0x0800bf60   0x00000128   Code   RO         7402    i.gimbal_feedback_update  gimbal_task.o
    0x0800c088   0x0800c088   0x000002a4   Code   RO         7403    i.gimbal_init       gimbal_task.o
    0x0800c32c   0x0800c32c   0x00000064   Code   RO         7404    i.gimbal_ins_data_count  gimbal_task.o
    0x0800c390   0x0800c390   0x00000058   Code   RO         7405    i.gimbal_ins_yaw_control  gimbal_task.o
    0x0800c3e8   0x0800c3e8   0x00000024   Code   RO         7406    i.gimbal_limit      gimbal_task.o
    0x0800c40c   0x0800c40c   0x0000012c   Code   RO         7407    i.gimbal_set_control  gimbal_task.o
    0x0800c538   0x0800c538   0x00000320   Code   RO         7408    i.gimbal_set_mode   gimbal_task.o
    0x0800c858   0x0800c858   0x00000028   Code   RO         8015    i.gimbal_shoot_heat_control  gimbal_shoot_heat_control.o
    0x0800c880   0x0800c880   0x0000007c   Code   RO         7409    i.gimbal_task       gimbal_task.o
    0x0800c8fc   0x0800c8fc   0x00000054   Code   RO         7410    i.gimbal_to_chassis_follow_yaw_determine  gimbal_task.o
    0x0800c950   0x0800c950   0x0000001c   Code   RO         7412    i.gimbal_to_chassis_spin  gimbal_task.o
    0x0800c96c   0x0800c96c   0x0000001c   Code   RO         7845    i.hatch_close       hatch.o
    0x0800c988   0x0800c988   0x0000000c   Code   RO         7846    i.hatch_init        hatch.o
    0x0800c994   0x0800c994   0x0000000c   Code   RO         7847    i.hatch_no_move     hatch.o
    0x0800c9a0   0x0800c9a0   0x0000001c   Code   RO         7848    i.hatch_open        hatch.o
    0x0800c9bc   0x0800c9bc   0x000000ec   Code   RO         7582    i.imu_cali_slove    ins_task.o
    0x0800caa8   0x0800caa8   0x00000110   Code   RO         7583    i.imu_cmd_spi_dma   ins_task.o
    0x0800cbb8   0x0800cbb8   0x0000000c   Code   RO         6686    i.imu_pwm_set       bsp_imu_pwm.o
    0x0800cbc4   0x0800cbc4   0x0000007c   Code   RO         7584    i.imu_temp_control  ins_task.o
    0x0800cc40   0x0800cc40   0x00000070   Code   RO         7308    i.init_referee_struct_data  referee.o
    0x0800ccb0   0x0800ccb0   0x00000002   Code   RO         9034    i.ist8310_GPIO_init  ist8310driver_middleware.o
    0x0800ccb2   0x0800ccb2   0x00000002   PAD
    0x0800ccb4   0x0800ccb4   0x00000024   Code   RO         9036    i.ist8310_IIC_read_single_reg  ist8310driver_middleware.o
    0x0800ccd8   0x0800ccd8   0x00000024   Code   RO         9038    i.ist8310_IIC_write_single_reg  ist8310driver_middleware.o
    0x0800ccfc   0x0800ccfc   0x00000010   Code   RO         9039    i.ist8310_RST_H     ist8310driver_middleware.o
    0x0800cd0c   0x0800cd0c   0x00000010   Code   RO         9040    i.ist8310_RST_L     ist8310driver_middleware.o
    0x0800cd1c   0x0800cd1c   0x00000002   Code   RO         9041    i.ist8310_com_init  ist8310driver_middleware.o
    0x0800cd1e   0x0800cd1e   0x00000004   Code   RO         9042    i.ist8310_delay_ms  ist8310driver_middleware.o
    0x0800cd22   0x0800cd22   0x00000002   PAD
    0x0800cd24   0x0800cd24   0x00000080   Code   RO         9002    i.ist8310_init      ist8310driver.o
    0x0800cda4   0x0800cda4   0x0000000c   Code   RO         6913    i.laser_init        bsp_laser.o
    0x0800cdb0   0x0800cdb0   0x00000010   Code   RO         6914    i.laser_off         bsp_laser.o
    0x0800cdc0   0x0800cdc0   0x00000010   Code   RO         6915    i.laser_on          bsp_laser.o
    0x0800cdd0   0x0800cdd0   0x00000048   Code   RO         8535    i.loop_fp32_constrain  user_lib.o
    0x0800ce18   0x0800ce18   0x00000066   Code   RO           15    i.main              main.o
    0x0800ce7e   0x0800ce7e   0x0000000c   Code   RO         5941    i.makeFreeRtosPriority  cmsis_os.o
    0x0800ce8a   0x0800ce8a   0x0000003c   Code   RO         7164    i.motor_ecd_to_angle_change  chassis_task.o
    0x0800cec6   0x0800cec6   0x00000002   PAD
    0x0800cec8   0x0800cec8   0x00000060   Code   RO         7165    i.motor_ecd_to_angle_change_half  chassis_task.o
    0x0800cf28   0x0800cf28   0x000003a4   Code   RO         8271    i.oled_task         oled_task.o
    0x0800d2cc   0x0800d2cc   0x0000000e   Code   RO         5943    i.osDelay           cmsis_os.o
    0x0800d2da   0x0800d2da   0x0000000a   Code   RO         5946    i.osKernelStart     cmsis_os.o
    0x0800d2e4   0x0800d2e4   0x00000054   Code   RO         5980    i.osThreadCreate    cmsis_os.o
    0x0800d338   0x0800d338   0x00000020   Code   RO         5464    i.pcTaskGetName     tasks.o
    0x0800d358   0x0800d358   0x00000084   Code   RO         7414    i.pitch_ins_PID_control  gimbal_task.o
    0x0800d3dc   0x0800d3dc   0x0000002c   Code   RO         8047    i.projectile_solve  aimbot_solving.o
    0x0800d408   0x0800d408   0x00000078   Code   RO         5465    i.prvAddCurrentTaskToDelayedList  tasks.o
    0x0800d480   0x0800d480   0x000000d0   Code   RO         5466    i.prvAddNewTaskToReadyList  tasks.o
    0x0800d550   0x0800d550   0x00000058   Code   RO         5798    i.prvCheckForValidListAndQueue  timers.o
    0x0800d5a8   0x0800d5a8   0x00000026   Code   RO         5131    i.prvCopyDataFromQueue  queue.o
    0x0800d5ce   0x0800d5ce   0x0000006c   Code   RO         5132    i.prvCopyDataToQueue  queue.o
    0x0800d63a   0x0800d63a   0x00000034   Code   RO         5467    i.prvDeleteTCB      tasks.o
    0x0800d66e   0x0800d66e   0x00000002   PAD
    0x0800d670   0x0800d670   0x0000004c   Code   RO         6320    i.prvHeapInit       heap_4.o
    0x0800d6bc   0x0800d6bc   0x00000060   Code   RO         5468    i.prvIdleTask       tasks.o
    0x0800d71c   0x0800d71c   0x00000016   Code   RO         5134    i.prvInitialiseNewQueue  queue.o
    0x0800d732   0x0800d732   0x000000a0   Code   RO         5469    i.prvInitialiseNewTask  tasks.o
    0x0800d7d2   0x0800d7d2   0x00000002   PAD
    0x0800d7d4   0x0800d7d4   0x0000004c   Code   RO         6321    i.prvInsertBlockIntoFreeList  heap_4.o
    0x0800d820   0x0800d820   0x00000038   Code   RO         5800    i.prvInsertTimerInActiveList  timers.o
    0x0800d858   0x0800d858   0x0000001c   Code   RO         5135    i.prvIsQueueEmpty   queue.o
    0x0800d874   0x0800d874   0x000000cc   Code   RO         5801    i.prvProcessReceivedCommands  timers.o
    0x0800d940   0x0800d940   0x000000b4   Code   RO         5802    i.prvProcessTimerOrBlockTask  timers.o
    0x0800d9f4   0x0800d9f4   0x00000020   Code   RO         5470    i.prvResetNextTaskUnblockTime  tasks.o
    0x0800da14   0x0800da14   0x00000028   Code   RO         5803    i.prvSampleTimeNow  timers.o
    0x0800da3c   0x0800da3c   0x00000056   Code   RO         5471    i.prvSearchForNameWithinSingleList  tasks.o
    0x0800da92   0x0800da92   0x00000002   PAD
    0x0800da94   0x0800da94   0x0000006c   Code   RO         5804    i.prvSwitchTimerLists  timers.o
    0x0800db00   0x0800db00   0x00000028   Code   RO         6370    i.prvTaskExitError  port.o
    0x0800db28   0x0800db28   0x00000024   Code   RO         5805    i.prvTimerTask      timers.o
    0x0800db4c   0x0800db4c   0x0000006a   Code   RO         5136    i.prvUnlockQueue    queue.o
    0x0800dbb6   0x0800dbb6   0x00000002   PAD
    0x0800dbb8   0x0800dbb8   0x000000d8   Code   RO         6322    i.pvPortMalloc      heap_4.o
    0x0800dc90   0x0800dc90   0x0000002c   Code   RO         6371    i.pxPortInitialiseStack  port.o
    0x0800dcbc   0x0800dcbc   0x00000084   Code   RO         9333    i.quat_normalization  AHRS.lib(ahrs.o)
    0x0800dd40   0x0800dd40   0x00000124   Code   RO         7309    i.referee_data_solve  referee.o
    0x0800de64   0x0800de64   0x00000104   Code   RO         7943    i.referee_unpack_fifo_data  referee_usart_task.o
    0x0800df68   0x0800df68   0x00000034   Code   RO         7944    i.referee_usart_task  referee_usart_task.o
    0x0800df9c   0x0800df9c   0x00000010   Code   RO         6958    i.remote_control_init  remote_control.o
    0x0800dfac   0x0800dfac   0x0000018a   Code   RO         6959    i.sbus_to_rc        remote_control.o
    0x0800e136   0x0800e136   0x00000002   PAD
    0x0800e138   0x0800e138   0x00000044   Code   RO         8213    i.shoot_feedback    shoot.o
    0x0800e17c   0x0800e17c   0x00000038   Code   RO         8214    i.shoot_init        shoot.o
    0x0800e1b4   0x0800e1b4   0x000000cc   Code   RO         8215    i.shoot_task        shoot.o
    0x0800e280   0x0800e280   0x0000006e   Code   RO         9828    i.sqrt              m_wm.l(sqrt_full.o)
    0x0800e2ee   0x0800e2ee   0x0000003e   Code   RO         9834    i.sqrtf             m_wm.l(sqrtf_full.o)
    0x0800e32c   0x0800e32c   0x00000080   Code   RO         7166    i.steer_PID_calc    chassis_task.o
    0x0800e3ac   0x0800e3ac   0x00000024   Code   RO         7167    i.steer_PID_init    chassis_task.o
    0x0800e3d0   0x0800e3d0   0x0000000a   Code   RO          294    i.test_task         freertos.o
    0x0800e3da   0x0800e3da   0x0000003a   Code   RO         7415    i.trigger_motor_PID_control  gimbal_task.o
    0x0800e414   0x0800e414   0x00000054   Code   RO         8217    i.trigger_prevent_stall  shoot.o
    0x0800e468   0x0800e468   0x00000068   Code   RO         5474    i.ulTaskNotifyTake  tasks.o
    0x0800e4d0   0x0800e4d0   0x0000007a   Code   RO         9334    i.update_w          AHRS.lib(ahrs.o)
    0x0800e54a   0x0800e54a   0x00000002   PAD
    0x0800e54c   0x0800e54c   0x000000b8   Code   RO         6870    i.usart6_init       bsp_usart.o
    0x0800e604   0x0800e604   0x00000026   Code   RO         5091    i.uxListRemove      list.o
    0x0800e62a   0x0800e62a   0x00000002   PAD
    0x0800e62c   0x0800e62c   0x00000020   Code   RO         5476    i.uxTaskGetStackHighWaterMark  tasks.o
    0x0800e64c   0x0800e64c   0x00000014   Code   RO          295    i.vApplicationGetIdleTaskMemory  freertos.o
    0x0800e660   0x0800e660   0x00000018   Code   RO          296    i.vApplicationGetTimerTaskMemory  freertos.o
    0x0800e678   0x0800e678   0x00000016   Code   RO         5092    i.vListInitialise   list.o
    0x0800e68e   0x0800e68e   0x00000006   Code   RO         5093    i.vListInitialiseItem  list.o
    0x0800e694   0x0800e694   0x00000030   Code   RO         5094    i.vListInsert       list.o
    0x0800e6c4   0x0800e6c4   0x00000018   Code   RO         5095    i.vListInsertEnd    list.o
    0x0800e6dc   0x0800e6dc   0x00000040   Code   RO         6373    i.vPortEnterCritical  port.o
    0x0800e71c   0x0800e71c   0x00000028   Code   RO         6374    i.vPortExitCritical  port.o
    0x0800e744   0x0800e744   0x0000005c   Code   RO         6323    i.vPortFree         heap_4.o
    0x0800e7a0   0x0800e7a0   0x00000024   Code   RO         6375    i.vPortSetupTimerInterrupt  port.o
    0x0800e7c4   0x0800e7c4   0x00000054   Code   RO         6376    i.vPortValidateInterruptPriority  port.o
    0x0800e818   0x0800e818   0x00000028   Code   RO         5140    i.vQueueAddToRegistry  queue.o
    0x0800e840   0x0800e840   0x00000044   Code   RO         5143    i.vQueueWaitForMessageRestricted  queue.o
    0x0800e884   0x0800e884   0x0000004c   Code   RO         5480    i.vTaskDelay        tasks.o
    0x0800e8d0   0x0800e8d0   0x00000010   Code   RO         5484    i.vTaskInternalSetTimeOutState  tasks.o
    0x0800e8e0   0x0800e8e0   0x0000000c   Code   RO         5485    i.vTaskMissedYield  tasks.o
    0x0800e8ec   0x0800e8ec   0x000000b8   Code   RO         5486    i.vTaskNotifyGiveFromISR  tasks.o
    0x0800e9a4   0x0800e9a4   0x00000030   Code   RO         5487    i.vTaskPlaceOnEventList  tasks.o
    0x0800e9d4   0x0800e9d4   0x00000038   Code   RO         5488    i.vTaskPlaceOnEventListRestricted  tasks.o
    0x0800ea0c   0x0800ea0c   0x00000088   Code   RO         5495    i.vTaskStartScheduler  tasks.o
    0x0800ea94   0x0800ea94   0x00000010   Code   RO         5497    i.vTaskSuspendAll   tasks.o
    0x0800eaa4   0x0800eaa4   0x0000005c   Code   RO         5498    i.vTaskSwitchContext  tasks.o
    0x0800eb00   0x0800eb00   0x0000003c   Code   RO         8670    i.verify_CRC16_check_sum  crc8_crc16.o
    0x0800eb3c   0x0800eb3c   0x00000026   Code   RO         8671    i.verify_CRC8_check_sum  crc8_crc16.o
    0x0800eb62   0x0800eb62   0x00000002   PAD
    0x0800eb64   0x0800eb64   0x000000f4   Code   RO         6377    i.xPortStartScheduler  port.o
    0x0800ec58   0x0800ec58   0x0000002c   Code   RO         6378    i.xPortSysTickHandler  port.o
    0x0800ec84   0x0800ec84   0x00000066   Code   RO         5147    i.xQueueGenericCreateStatic  queue.o
    0x0800ecea   0x0800ecea   0x00000002   PAD
    0x0800ecec   0x0800ecec   0x00000088   Code   RO         5148    i.xQueueGenericReset  queue.o
    0x0800ed74   0x0800ed74   0x00000160   Code   RO         5149    i.xQueueGenericSend  queue.o
    0x0800eed4   0x0800eed4   0x000000bc   Code   RO         5150    i.xQueueGenericSendFromISR  queue.o
    0x0800ef90   0x0800ef90   0x00000138   Code   RO         5158    i.xQueueReceive     queue.o
    0x0800f0c8   0x0800f0c8   0x00000088   Code   RO         5500    i.xTaskCheckForTimeOut  tasks.o
    0x0800f150   0x0800f150   0x0000005a   Code   RO         5501    i.xTaskCreate       tasks.o
    0x0800f1aa   0x0800f1aa   0x00000056   Code   RO         5502    i.xTaskCreateStatic  tasks.o
    0x0800f200   0x0800f200   0x00000084   Code   RO         5506    i.xTaskGetHandle    tasks.o
    0x0800f284   0x0800f284   0x0000001c   Code   RO         5507    i.xTaskGetSchedulerState  tasks.o
    0x0800f2a0   0x0800f2a0   0x0000000c   Code   RO         5508    i.xTaskGetTickCount  tasks.o
    0x0800f2ac   0x0800f2ac   0x000000c8   Code   RO         5510    i.xTaskIncrementTick  tasks.o
    0x0800f374   0x0800f374   0x00000098   Code   RO         5513    i.xTaskPriorityDisinherit  tasks.o
    0x0800f40c   0x0800f40c   0x00000074   Code   RO         5515    i.xTaskRemoveFromEventList  tasks.o
    0x0800f480   0x0800f480   0x000000c4   Code   RO         5516    i.xTaskResumeAll    tasks.o
    0x0800f544   0x0800f544   0x00000060   Code   RO         5810    i.xTimerCreateTimerTask  timers.o
    0x0800f5a4   0x0800f5a4   0x00000068   Code   RO         5811    i.xTimerGenericCommand  timers.o
    0x0800f60c   0x0800f60c   0x00000018   Code   RO         9931    x$fpl$basic         g_wm.l(basic.o)
    0x0800f624   0x0800f624   0x000002c4   Code   RO         9652    x$fpl$d2f           g_wm.l(d2f_clz.o)
    0x0800f8e8   0x0800f8e8   0x0000024c   Code   RO         9654    x$fpl$dadd          g_wm.l(daddsub_clz.o)
    0x0800fb34   0x0800fb34   0x0000001c   Code   RO        10066    x$fpl$dcheck1       g_wm.l(dcheck1.o)
    0x0800fb50   0x0800fb50   0x00000018   Code   RO        10068    x$fpl$dcmpinf       g_wm.l(dcmpi.o)
    0x0800fb68   0x0800fb68   0x0000037c   Code   RO         9661    x$fpl$ddiv          g_wm.l(ddiv_clz.o)
    0x0800fee4   0x0800fee4   0x00000074   Code   RO         9933    x$fpl$deqf          g_wm.l(deqf.o)
    0x0800ff58   0x0800ff58   0x000000c8   Code   RO        10070    x$fpl$dfix          g_wm.l(dfix.o)
    0x08010020   0x08010020   0x0000002e   Code   RO         9665    x$fpl$dflt          g_wm.l(dflt_clz.o)
    0x0801004e   0x0801004e   0x0000001a   Code   RO         9666    x$fpl$dfltn         g_wm.l(dflt_clz.o)
    0x08010068   0x08010068   0x00000026   Code   RO         9664    x$fpl$dfltu         g_wm.l(dflt_clz.o)
    0x0801008e   0x0801008e   0x00000002   PAD
    0x08010090   0x08010090   0x00000078   Code   RO         9935    x$fpl$dleqf         g_wm.l(dleqf.o)
    0x08010108   0x08010108   0x000001c0   Code   RO         9670    x$fpl$dmul          g_wm.l(dmul_clz.o)
    0x080102c8   0x080102c8   0x00000102   Code   RO         9937    x$fpl$dnaninf       g_wm.l(dnaninf.o)
    0x080103ca   0x080103ca   0x00000070   Code   RO         9939    x$fpl$drenorm       g_wm.l(drenorm_clz.o)
    0x0801043a   0x0801043a   0x0000000c   Code   RO         9941    x$fpl$dretinf       g_wm.l(dretinf.o)
    0x08010446   0x08010446   0x00000062   Code   RO         9943    x$fpl$drleqf        g_wm.l(drleqf.o)
    0x080104a8   0x080104a8   0x00000050   Code   RO         9655    x$fpl$drsb          g_wm.l(daddsub_clz.o)
    0x080104f8   0x080104f8   0x00000208   Code   RO         9945    x$fpl$dsqrt         g_wm.l(dsqrt_umaalclz.o)
    0x08010700   0x08010700   0x0000029c   Code   RO         9656    x$fpl$dsub          g_wm.l(daddsub_clz.o)
    0x0801099c   0x0801099c   0x0000017a   Code   RO         9947    x$fpl$dunder        g_wm.l(dunder_clz.o)
    0x08010b16   0x08010b16   0x00000002   PAD
    0x08010b18   0x08010b18   0x000001ec   Code   RO         9949    x$fpl$exception     g_wm.l(except.o)
    0x08010d04   0x08010d04   0x0000007a   Code   RO         9672    x$fpl$f2d           g_wm.l(f2d.o)
    0x08010d7e   0x08010d7e   0x000000f2   Code   RO         9951    x$fpl$fnaninf       g_wm.l(fnaninf.o)
    0x08010e70   0x08010e70   0x0000000a   Code   RO        10074    x$fpl$fpinit        g_wm.l(fpinit.o)
    0x08010e7a   0x08010e7a   0x0000000a   Code   RO         9953    x$fpl$fretinf       g_wm.l(fretinf.o)
    0x08010e84   0x08010e84   0x0000013c   Code   RO         9955    x$fpl$funder        g_wm.l(funder_clz.o)
    0x08010fc0   0x08010fc0   0x000000b2   Code   RO        10076    x$fpl$retnan        g_wm.l(retnan.o)
    0x08011072   0x08011072   0x00000002   PAD
    0x08011074   0x08011074   0x00000114   Code   RO         9957    x$fpl$scalbn        g_wm.l(scalbn_clz.o)
    0x08011188   0x08011188   0x0000007e   Code   RO         9959    x$fpl$trapveneer    g_wm.l(trapv.o)
    0x08011206   0x08011206   0x00000000   Code   RO         9961    x$fpl$usenofp       g_wm.l(usenofp.o)
    0x08011206   0x08011206   0x00000002   PAD
    0x08011208   0x08011208   0x000000c4   Data   RO          298    .constdata          freertos.o
    0x080112cc   0x080112cc   0x00000008   Data   RO         1641    .constdata          stm32f4xx_hal_dma.o
    0x080112d4   0x080112d4   0x00000010   Data   RO         4954    .constdata          system_stm32f4xx.o
    0x080112e4   0x080112e4   0x00000008   Data   RO         4955    .constdata          system_stm32f4xx.o
    0x080112ec   0x080112ec   0x00000024   Data   RO         7169    .constdata          chassis_task.o
    0x08011310   0x08011310   0x00000060   Data   RO         7417    .constdata          gimbal_task.o
    0x08011370   0x08011370   0x0000000c   Data   RO         7588    .constdata          ins_task.o
    0x0801137c   0x0801137c   0x00000300   Data   RO         8112    .constdata          rm_cilent_ui.o
    0x0801167c   0x0801167c   0x0000000c   Data   RO         8219    .constdata          shoot.o
    0x08011688   0x08011688   0x00000300   Data   RO         8673    .constdata          crc8_crc16.o
    0x08011988   0x08011988   0x0000000c   Data   RO         9005    .constdata          ist8310driver.o
    0x08011994   0x08011994   0x00000012   Data   RO         9134    .constdata          bmi088driver.o
    0x080119a6   0x080119a6   0x00000002   PAD
    0x080119a8   0x080119a8   0x0000000c   Data   RO         9335    .constdata          AHRS.lib(ahrs.o)
    0x080119b4   0x080119b4   0x00000804   Data   RO         9545    .constdata          arm_cortexM4lf_math.lib(arm_common_tables.o)
    0x080121b8   0x080121b8   0x00000098   Data   RO         9715    .constdata          m_wm.l(atan.o)
    0x08012250   0x08012250   0x00000038   Data   RO         9777    .constdata          m_wm.l(log.o)
    0x08012288   0x08012288   0x00000088   Data   RO         9791    .constdata          m_wm.l(pow.o)
    0x08012310   0x08012310   0x00000030   Data   RO         9963    .constdata          m_wm.l(cos_i.o)
    0x08012340   0x08012340   0x00000008   Data   RO        10005    .constdata          m_wm.l(qnan.o)
    0x08012348   0x08012348   0x000000c8   Data   RO        10008    .constdata          m_wm.l(rred.o)
    0x08012410   0x08012410   0x00000028   Data   RO        10015    .constdata          m_wm.l(sin_i.o)
    0x08012438   0x08012438   0x00000041   Data   RO          299    .conststring        freertos.o
    0x08012479   0x08012479   0x00000003   PAD
    0x0801247c   0x0801247c   0x00000020   Data   RO        10167    Region$$Table       anon$$obj.o


    Execution Region RW_IRAM1 (Exec base: 0x20000000, Load base: 0x0801249c, Size: 0x0000caf0, Max: 0x0001c000, ABSOLUTE, COMPRESSED[0x0000007c])

    Exec Addr    Load Addr    Size         Type   Attr      Idx    E Section Name        Object

    0x20000000   COMPRESSED   0x0000001c   Data   RW          300    .data               freertos.o
    0x2000001c   COMPRESSED   0x00000004   Data   RW          399    .data               can.o
    0x20000020   COMPRESSED   0x0000000c   Data   RW         2068    .data               stm32f4xx_hal.o
    0x2000002c   COMPRESSED   0x00000004   Data   RW         4956    .data               system_stm32f4xx.o
    0x20000030   COMPRESSED   0x0000003c   Data   RW         5519    .data               tasks.o
    0x2000006c   COMPRESSED   0x00000014   Data   RW         5819    .data               timers.o
    0x20000080   COMPRESSED   0x00000018   Data   RW         6328    .data               heap_4.o
    0x20000098   COMPRESSED   0x0000000c   Data   RW         6379    .data               port.o
    0x200000a4   COMPRESSED   0x00000008   Data   RW         6591    .data               bsp_delay.o
    0x200000ac   COMPRESSED   0x00000002   Data   RW         6963    .data               remote_control.o
    0x200000ae   COMPRESSED   0x00000020   Data   RW         7044    .data               can_receive.o
    0x200000ce   COMPRESSED   0x00000002   PAD
    0x200000d0   COMPRESSED   0x00000028   Data   RW         7170    .data               chassis_task.o
    0x200000f8   COMPRESSED   0x00000026   Data   RW         7311    .data               referee.o
    0x2000011e   COMPRESSED   0x00000002   PAD
    0x20000120   COMPRESSED   0x00000010   Data   RW         7418    .data               gimbal_task.o
    0x20000130   COMPRESSED   0x000000a0   Data   RW         7590    .data               ins_task.o
    0x200001d0   COMPRESSED   0x00000006   Data   RW         7720    .data               aimbot_task.o
    0x200001d6   COMPRESSED   0x00000002   Data   RW         7946    .data               referee_usart_task.o
    0x200001d8   COMPRESSED   0x00000004   Data   RW         8016    .data               gimbal_shoot_heat_control.o
    0x200001dc   COMPRESSED   0x00000006   Data   RW         8114    .data               rm_cilent_ui.o
    0x200001e2   COMPRESSED   0x00000002   PAD
    0x200001e4   COMPRESSED   0x0000000c   Data   RW         8220    .data               shoot.o
    0x200001f0   COMPRESSED   0x00000008   Data   RW         8276    .data               oled_task.o
    0x200001f8   COMPRESSED   0x00000002   Data   RW         8674    .data               crc8_crc16.o
    0x200001fa   COMPRESSED   0x00000002   PAD
    0x200001fc   COMPRESSED   0x0000002c   Data   RW         9135    .data               bmi088driver.o
    0x20000228   COMPRESSED   0x00000010   Data   RW         9336    .data               AHRS.lib(ahrs.o)
    0x20000238        -       0x000006a8   Zero   RW          297    .bss                freertos.o
    0x200008e0        -       0x00000050   Zero   RW          398    .bss                can.o
    0x20000930        -       0x00000054   Zero   RW          470    .bss                i2c.o
    0x20000984        -       0x00000020   Zero   RW          512    .bss                rtc.o
    0x200009a4        -       0x00000118   Zero   RW          554    .bss                spi.o
    0x20000abc        -       0x00000180   Zero   RW          602    .bss                tim.o
    0x20000c3c        -       0x00000240   Zero   RW          676    .bss                usart.o
    0x20000e7c        -       0x00000090   Zero   RW          889    .bss                adc.o
    0x20000f0c        -       0x00000040   Zero   RW         5161    .bss                queue.o
    0x20000f4c        -       0x000000f0   Zero   RW         5518    .bss                tasks.o
    0x2000103c        -       0x00000110   Zero   RW         5818    .bss                timers.o
    0x2000114c        -       0x00006000   Zero   RW         6327    .bss                heap_4.o
    0x2000714c        -       0x00000098   Zero   RW         6962    .bss                remote_control.o
    0x200071e4        -       0x00000100   Zero   RW         7043    .bss                can_receive.o
    0x200072e4        -       0x00000584   Zero   RW         7168    .bss                chassis_task.o
    0x20007868        -       0x00000055   Zero   RW         7310    .bss                referee.o
    0x200078bd   COMPRESSED   0x00000003   PAD
    0x200078c0        -       0x000005b0   Zero   RW         7416    .bss                gimbal_task.o
    0x20007e70        -       0x0000011c   Zero   RW         7585    .bss                ins_task.o
    0x20007f8c        -       0x000000e8   Zero   RW         7719    .bss                aimbot_task.o
    0x20008074        -       0x00000024   Zero   RW         7893    .bss                chassis_cruise.o
    0x20008098        -       0x000008a1   Zero   RW         7945    .bss                referee_usart_task.o
    0x20008939   COMPRESSED   0x00000003   PAD
    0x2000893c        -       0x000000e8   Zero   RW         8218    .bss                shoot.o
    0x20008a24        -       0x00000068   Zero   RW         8272    .bss                oled_task.o
    0x20008a8c        -       0x00000060   Zero   RW        10023    .bss                c_w.l(libspace.o)
    0x20008aec   COMPRESSED   0x00000004   PAD
    0x20008af0        -       0x00002000   Zero   RW            2    HEAP                startup_stm32f407xx.o
    0x2000aaf0        -       0x00002000   Zero   RW            1    STACK               startup_stm32f407xx.o


    Execution Region RW_IRAM2 (Exec base: 0x2001c000, Load base: 0x08012518, Size: 0x00000000, Max: 0x00004000, ABSOLUTE)

    **** No section assigned to this execution region ****


==============================================================================

Image component sizes


      Code (inc. data)   RO Data    RW Data    ZI Data      Debug   Object Name

       324         40          0          0        144       2398   adc.o
        70          6          0          0          0       5216   ahrs_middleware.o
       248         16          0          0          0       2958   aimbot_solving.o
      1628        128          0          6        232       7758   aimbot_task.o
      2166         34         18         44          0      11023   bmi088driver.o
       108         28          0          0          0       4804   bmi088middleware.o
         0          0          0          0          0     599344   bsp_buzzer.o
        88          8          0          0          0        598   bsp_can.o
        92         18          0          8          0       1376   bsp_delay.o
        12          4          0          0          0        514   bsp_imu_pwm.o
        44         14          0          0          0       1416   bsp_laser.o
        96         12          0          0          0       1058   bsp_rc.o
      4964         74          0          0          0       2450   bsp_spi.o
       200         28          0          0          0       3336   bsp_usart.o
       388         42          0          4         80       2518   can.o
       888         98          0         32        256       8481   can_receive.o
         8          4          0          0         36       1510   chassis_cruise.o
       392         54          0          0          0       5392   chassis_power_control.o
      3138        200         36         40       1412      24854   chassis_task.o
       120          0          0          0          0      22473   cmsis_os.o
       210         20        768          2          0       4544   crc8_crc16.o
       140          4          0          0          0        870   dma.o
         0          0          0          0          0      17944   event_groups.o
       194          0          0          0          0       8661   fifo.o
       226         20        261         28       1704      13993   freertos.o
        40          6          0          4          0        928   gimbal_shoot_heat_control.o
      3614        232         96         16       1456      24262   gimbal_task.o
       424         28          0          0          0       1227   gpio.o
        80         20          0          0          0       1940   hatch.o
       460         24          0         24      24576       4911   heap_4.o
       200         32          0          0         84       1761   i2c.o
      2088        148         12        160        284      17039   ins_task.o
       128          6         12          0          0       1511   ist8310driver.o
       112         22          0          0          0       3999   ist8310driver_middleware.o
       138          0          0          0          0       3670   list.o
       260         12          0          0          0     774848   main.o
       932         60          0          8        104       8816   oled_task.o
       388          8          0          0          0       1978   pid.o
       786         82          0         12          0      12189   port.o
      1500         20          0          0         64      14952   queue.o
       464         36          0         38         85       4743   referee.o
       460         46          0          2       2209       4124   referee_usart_task.o
       630         32          0          2        152       7058   remote_control.o
       852         22        768          6          0      11559   rm_cilent_ui.o
        80         18          0          0         32       1511   rtc.o
       504         60         12         12        232       4201   shoot.o
       328         32          0          0        280       1947   spi.o
        64         26        392          0      16384        856   startup_stm32f407xx.o
       144         24          0         12          0       4045   stm32f4xx_hal.o
       712         28          0          0          0       2959   stm32f4xx_hal_adc.o
      1658          6          0          0          0      14659   stm32f4xx_hal_can.o
       234         24          0          0          0      34726   stm32f4xx_hal_cortex.o
       788         16          8          0          0       4839   stm32f4xx_hal_dma.o
       466         50          0          0          0       3127   stm32f4xx_hal_gpio.o
      2112         44          0          0          0      12862   stm32f4xx_hal_i2c.o
        56          4          0          0          0        882   stm32f4xx_hal_msp.o
      1264         80          0          0          0       5260   stm32f4xx_hal_rcc.o
       316         20          0          0          0       1432   stm32f4xx_hal_rcc_ex.o
       284          6          0          0          0       2944   stm32f4xx_hal_rtc.o
       846          8          0          0          0       4833   stm32f4xx_hal_spi.o
      1412         98          0          0          0      13739   stm32f4xx_hal_tim.o
       150          0          0          0          0       2200   stm32f4xx_hal_tim_ex.o
      1494         14          0          0          0       8710   stm32f4xx_hal_uart.o
       164         40          0          0          0       9192   stm32f4xx_it.o
         0          0          0          0          0        416   stream_buffer.o
        84         18         24          4          0       1211   system_stm32f4xx.o
      2706        192          0         60        240      30235   tasks.o
      1340        128          0          0        384       6455   tim.o
       912         82          0         20        272      26687   timers.o
       820         80          0          0        576       3596   usart.o
       106          0          0          0          0       1910   user_lib.o

    ----------------------------------------------------------------------
     48434       2786       2444        552      51284    1862438   Object Totals
         0          0         32          0          0          0   (incl. Generated)
        90          0          5          8          6          0   (incl. Padding)

    ----------------------------------------------------------------------

      Code (inc. data)   RO Data    RW Data    ZI Data      Debug   Library Member Name

      2718         84         12         16          0       9922   ahrs.o
         0          0       2052          0          0       4636   arm_common_tables.o
       120         12          0          0          0      16970   arm_cos_f32.o
       116         12          0          0          0        658   arm_sin_f32.o
        90          0          0          0          0          0   __dczerorl2.o
         8          0          0          0          0         68   __main.o
         0          0          0          0          0          0   __rtentry.o
        12          0          0          0          0          0   __rtentry2.o
         6          0          0          0          0          0   __rtentry4.o
        52          8          0          0          0          0   __scatter.o
        28          0          0          0          0          0   __scatter_zi.o
        48          4          0          0          0         84   _fptrap.o
        22          0          0          0          0        100   _rserrno.o
        16          0          0          0          0         68   aeabi_memset.o
        10          0          0          0          0         68   defsig_exit.o
       172        110          0          0          0         76   defsig_fpe_inner.o
        14          0          0          0          0         80   defsig_fpe_outer.o
        50          0          0          0          0         88   defsig_general.o
        18          0          0          0          0         80   exit.o
         6          0          0          0          0        152   heapauxi.o
         0          0          0          0          0          0   indicate_semi.o
         2          0          0          0          0          0   libinit.o
         6          0          0          0          0          0   libinit2.o
         2          0          0          0          0          0   libshutdown.o
         2          0          0          0          0          0   libshutdown2.o
         8          4          0          0         96         68   libspace.o
       238          0          0          0          0        100   lludivv7m.o
         8          4          0          0          0         68   rt_errno_addr_intlibspace.o
        68          0          0          0          0         68   rt_memclr.o
        78          0          0          0          0         80   rt_memclr_w.o
       138          0          0          0          0         68   rt_memcpy_v6.o
       100          0          0          0          0         80   rt_memcpy_w.o
         2          0          0          0          0          0   rtexit.o
        10          0          0          0          0          0   rtexit2.o
        62          0          0          0          0         76   strlen.o
        12          4          0          0          0         68   sys_exit.o
        74          0          0          0          0         80   sys_stackheap_outer.o
        14          0          0          0          0         76   sys_wrch.o
         2          0          0          0          0         68   use_no_semi.o
        24          0          0          0          0        164   basic.o
       708         16          0          0          0        140   d2f_clz.o
      1336         32          0          0          0        532   daddsub_clz.o
        28          0          0          0          0        116   dcheck1.o
        24          0          0          0          0        116   dcmpi.o
       892        152          0          0          0        292   ddiv_clz.o
       116          8          0          0          0        140   deqf.o
       200         16          0          0          0        184   dfix.o
       110          0          0          0          0        348   dflt_clz.o
       120          8          0          0          0        140   dleqf.o
       448         16          0          0          0        164   dmul_clz.o
       258          4          0          0          0        156   dnaninf.o
       112          0          0          0          0        160   drenorm_clz.o
        12          0          0          0          0        116   dretinf.o
        98          0          0          0          0        128   drleqf.o
       520         56          0          0          0        180   dsqrt_umaalclz.o
       378          0          0          0          0        168   dunder_clz.o
       492         36          0          0          0        148   except.o
       122          8          0          0          0        132   f2d.o
       242          4          0          0          0        144   fnaninf.o
        10          0          0          0          0        116   fpinit.o
        10          0          0          0          0        116   fretinf.o
       316          0          0          0          0        132   funder_clz.o
       178          0          0          0          0        116   retnan.o
       276          4          0          0          0        124   scalbn_clz.o
       126          0          0          0          0        148   trapv.o
         0          0          0          0          0          0   usenofp.o
       300         42          0          0          0        176   asinf.o
       744        106        152          0          0        352   atan.o
       512         64          0          0          0        208   atan2.o
       684         90          0          0          0        208   atan2f.o
       352         56          0          0          0        172   atanf.o
       200         20          0          0          0        164   cos.o
       368         46         48          0          0        200   cos_i.o
       184         44          0          0          0        744   dunder.o
        24          0          0          0          0        124   fabs.o
        48          0          0          0          0        124   fpclassify.o
        38          0          0          0          0        116   fpclassifyf.o
        44         12          0          0          0        464   funder.o
       964         92         56          0          0        316   log.o
       248          0          0          0          0        152   poly.o
      3152        296        136          0          0        352   pow.o
         0          0          8          0          0          0   qnan.o
      1080        142        200          0          0        188   rred.o
       200         20          0          0          0        164   sin.o
       304         24         40          0          0        208   sin_i.o
       232          0          0          0          0        296   sqrt_full.o
       120          0          0          0          0        272   sqrtf_full.o

    ----------------------------------------------------------------------
     21326       1668       2704         16        100      43370   Library Totals
        40         12          0          0          4          0   (incl. Padding)

    ----------------------------------------------------------------------

      Code (inc. data)   RO Data    RW Data    ZI Data      Debug   Library Name

      2718         84         12         16          0       9922   AHRS.lib
       236         24       2052          0          0      22264   arm_cortexM4lf_math.lib
      1378        134          0          0         96       1764   c_w.l
      7156        360          0          0          0       4420   g_wm.l
      9798       1054        640          0          0       5000   m_wm.l

    ----------------------------------------------------------------------
     21326       1668       2704         16        100      43370   Library Totals

    ----------------------------------------------------------------------

==============================================================================


      Code (inc. data)   RO Data    RW Data    ZI Data      Debug   

     69760       4454       5148        568      51384    1861472   Grand Totals
     69760       4454       5148        124      51384    1861472   ELF Image Totals (compressed)
     69760       4454       5148        124          0          0   ROM Totals

==============================================================================

    Total RO  Size (Code + RO Data)                74908 (  73.15kB)
    Total RW  Size (RW Data + ZI Data)             51952 (  50.73kB)
    Total ROM Size (Code + RO Data + RW Data)      75032 (  73.27kB)

==============================================================================

